******************************************************************************
                  TI ARM Linker Unix v20.2.0                   
******************************************************************************
>> Linked Sun Jun 14 14:17:02 2020

OUTPUT FILE NAME:   <test101.out>
ENTRY POINT SYMBOL: "_c_int00"  address: 00004129


MEMORY CONFIGURATION

         name            origin    length      used     unused   attr    fill
----------------------  --------  ---------  --------  --------  ----  --------
  MAIN                  00000000   00040000  000069cc  00039634  R  X
  INFO                  00200000   00004000  00000000  00004000  R  X
  SRAM_CODE             01000000   00010000  00009192  00006e6e  RW X
  SRAM_DATA             20000000   00010000  00009192  00006e6e  RW  


SEGMENT ALLOCATION MAP

run origin  load origin   length   init length attrs members
----------  ----------- ---------- ----------- ----- -------
00000000    00000000    000069d8   000069d8    r-x
  00000000    00000000    0000003c   0000003c    r-- .resetVecs
  00000040    00000040    000061b2   000061b2    r-x .text
  000061f4    000061f4    000005a6   000005a6    r-- .const
  000067a0    000067a0    00000238   00000238    r-- .cinit
20000140    20000140    00008000   00000000    r--
  20000140    20000140    00008000   00000000    r-- .priheap
20008140    20008140    00000c54   00000000    rw-
  20008140    20008140    0000071e   00000000    rw- .data
  20008860    20008860    00000534   00000000    rw- .bss
2000fc00    2000fc00    00000400   00000000    rw-
  2000fc00    2000fc00    00000400   00000000    rw- .stack


SECTION ALLOCATION MAP

 output                                  attributes/
section   page    origin      length       input sections
--------  ----  ----------  ----------   ----------------
.text      0    00000040    000061b2     
                  00000040    000002f8     drivers_msp432p401x.aem4f : PowerMSP432.oem4f (.text:Power_sleep)
                  00000338    000002d0                               : UARTMSP432.oem4f (.text:UARTMSP432_open)
                  00000608    0000028a     msp432p4xx_driverlib.lib : pcm.o (.text:__PCM_setPowerStateAdvanced)
                  00000892    00000002     ti_drivers_config.obj (.text:Board_initHook)
                  00000894    00000288     drivers_msp432p401x.aem4f : PowerMSP432.oem4f (.text:initPerfControl)
                  00000b1c    00000208                               : PWMTimerMSP432.oem4f (.text:PWMTimerMSP432_open)
                  00000d24    00000170                               : GPIOMSP432.oem4f (.text:GPIO_setConfig)
                  00000e94    0000015c     msp432p4xx_driverlib.lib : pcm.o (.text:__PCM_setPowerModeAdvanced)
                  00000ff0    00000130     test101.obj (.text:mainThread)
                  00001120    00000130     sysbios.aem4f : BIOS.obj (.text:ti_sysbios_knl_Semaphore_pend__E)
                  00001250    0000011c     msp432p4xx_driverlib.lib : uart.o (.text:UART_initModule)
                  0000136c    00000114     drivers_msp432p401x.aem4f : PWMTimerMSP432.oem4f (.text:PWMTimerMSP432_setPeriod)
                  00001480    00000108     msp432p4xx_driverlib.lib : pcm.o (.text:__PCM_setCoreVoltageLevelAdvanced)
                  00001588    00000108     sysbios.aem4f : BIOS.obj (.text:ti_sysbios_knl_Task_postInit__I)
                  00001690    00000108                   : BIOS.obj (.text:xdc_runtime_Startup_startMods__I)
                  00001798    00000104                   : BIOS.obj (.text:ti_sysbios_knl_Task_Instance_finalize__E)
                  0000189c    00000004     msp432p4xx_driverlib.lib : cpu.o (.text:CPU_wfi)
                  000018a0    000000f8     sysbios.aem4f : BIOS.obj (.text:ti_sysbios_family_arm_msp432_init_Boot_configureClocksHigh)
                  00001998    000000f0                   : BIOS.obj (.text:pthread_create)
                  00001a88    000000f0                   : m3_Hwi_asm.obj (.text:ti_sysbios_family_arm_m3_Hwi_dispatch__I)
                  00001b78    000000e4     msp432p4xx_driverlib.lib : cs.o (.text:CS_startHFXTWithTimeout)
                  00001c5c    00000004     dpl_msp432p401x.aem4f : ClockP_tirtos.oem4f (.text:ClockP_setTimeout)
                  00001c60    000000e4     sysbios.aem4f : BIOS.obj (.text:ti_sysbios_knl_Task_Instance_init__E)
                  00001d44    000000e0     msp432p4xx_driverlib.lib : cs.o (.text:CS_startLFXTWithTimeout)
                  00001e24    000000dc     drivers_msp432p401x.aem4f : UARTMSP432.oem4f (.text:UARTMSP432_readPolling)
                  00001f00    000000dc     msp432p4xx_driverlib.lib : cs.o (.text:_CSGetHFXTFrequency)
                  00001fdc    00000004     dpl_msp432p401x.aem4f : ClockP_tirtos.oem4f (.text:ClockP_start)
                  00001fe0    000000d0     sysbios.aem4f : BIOS.obj (.text:ti_sysbios_heaps_HeapMem_alloc__E)
                  000020b0    000000ca     drivers_msp432p401x.aem4f : UARTMSP432.oem4f (.text:UARTMSP432_hwiIntFxn)
                  0000217a    00000006                               : PWMTimerMSP432.oem4f (.text:PWMTimerMSP432_control)
                  00002180    000000c4     sysbios.aem4f : BIOS.obj (.text:ti_sysbios_knl_Task_sleep__E)
                  00002244    000000b8     drivers_msp432p401x.aem4f : UARTMSP432.oem4f (.text:initHw)
                  000022fc    000000b8                               : UARTMSP432.oem4f (.text:readTaskCallback)
                  000023b4    00000004     dpl_msp432p401x.aem4f : ClockP_tirtos.oem4f (.text:ClockP_stop)
                  000023b8    000000b8     sysbios.aem4f : BIOS.obj (.text:ti_sysbios_family_arm_m3_Hwi_Instance_init__E)
                  00002470    000000b4     drivers_msp432p401x.aem4f : UARTMSP432.oem4f (.text:UARTMSP432_control)
                  00002524    000000b4                               : UARTMSP432.oem4f (.text:UARTMSP432_writePolling)
                  000025d8    000000ac                               : GPIOMSP432.oem4f (.text:GPIO_init)
                  00002684    00000004     dpl_msp432p401x.aem4f : HwiP_tirtos.oem4f (.text:HwiP_disable)
                  00002688    000000aa     sysbios.aem4f : BIOS.obj (.text:xdc_runtime_Core_createObject__I)
                  00002732    000000a8     drivers_msp432p401x.aem4f : UARTMSP432.oem4f (.text:UARTMSP432_write)
                  000027da    000000a8                               : UARTMSP432.oem4f (.text:readTaskBlocking)
                  00002882    00000006                               : PWMTimerMSP432.oem4f (.text:PWMTimerMSP432_setDutyAndPeriod)
                  00002888    000000a8     sysbios.aem4f : BIOS.obj (.text:ti_sysbios_family_arm_msp432_Timer_periodicStub__E)
                  00002930    000000a4     drivers_msp432p401x.aem4f : PWMTimerMSP432.oem4f (.text:PWMTimerMSP432_stop)
                  000029d4    00000004     dpl_msp432p401x.aem4f : SemaphoreP_tirtos.oem4f (.text:SemaphoreP_post)
                  000029d8    000000a4     sysbios.aem4f : BIOS.obj (.text:ti_sysbios_knl_Task_setPri__E)
                  00002a7c    000000a0     auto_init.aem4f : auto_init.oem4f (.text)
                  00002b1c    000000a0     drivers_msp432p401x.aem4f : UARTMSP432.oem4f (.text:readIsrTextCallback)
                  00002bbc    0000009c                               : PowerMSP432.oem4f (.text:Power_init)
                  00002c58    0000009c     rtsv7M4_T_le_v4SPD16_eabi.lib : memcpy_t2.asm.obj (.text)
                  00002cf4    00000096                                   : ull_div_t2.asm.obj (.text)
                  00002d8a    00000002     drivers_msp432p401x.aem4f : PWMTimerMSP432.oem4f (.text:PWMTimerMSP432_init)
                  00002d8c    00000094                               : PWMTimerMSP432.oem4f (.text:PWMTimerMSP432_setDuty)
                  00002e20    00000094     sysbios.aem4f : BIOS.obj (.text:_pthread_removeThreadKeys)
                  00002eb4    00000004     release_pem4f.oem4f (.text:ti_sysbios_BIOS_RtsGateProxy_enter__E)
                  00002eb8    00000094     sysbios.aem4f : BIOS.obj (.text:ti_sysbios_family_arm_m3_Hwi_initNVIC__E)
                  00002f4c    00000004     release_pem4f.oem4f (.text:ti_sysbios_BIOS_RtsGateProxy_leave__E)
                  00002f50    00000094     sysbios.aem4f : BIOS.obj (.text:ti_sysbios_knl_Task_exit__E)
                  00002fe4    00000092     drivers_msp432p401x.aem4f : UARTMSP432.oem4f (.text:UARTMSP432_close)
                  00003076    00000092                               : UARTMSP432.oem4f (.text:writeData)
                  00003108    00000090     sysbios.aem4f : BIOS.obj (.text:ti_sysbios_knl_Task_Module_startup__E)
                  00003198    0000008c     drivers_msp432p401x.aem4f : UARTMSP432.oem4f (.text:readIsrTextBlocking)
                  00003224    0000008c     sysbios.aem4f : m3_TaskSupport_asm.obj (.text:ti_sysbios_family_arm_m3_TaskSupport_buildTaskStack)
                  000032b0    0000008c                   : BIOS.obj (.text:xdc_runtime_Memory_alloc__E)
                  0000333c    00000088     drivers_msp432p401x.aem4f : PWMTimerMSP432.oem4f (.text:PWMTimerMSP432_close)
                  000033c4    00000004     release_pem4f.oem4f (.text:ti_sysbios_family_arm_m3_Hwi_delete)
                  000033c8    00000086     sysbios.aem4f : BIOS.obj (.text:xdc_runtime_Core_constructObject__I)
                  0000344e    00000002     dpl_msp432p401x.aem4f : PowerMSP432_tirtos.oem4f (.text:PowerMSP432_initPolicy)
                  00003450    00000084     msp432p4xx_driverlib.lib : pcm.o (.text:PCM_gotoLPM3)
                  000034d4    00000084     drivers_msp432p401x.aem4f : PWMTimerMSP432.oem4f (.text:PWMTimerMSP432_start)
                  00003558    00000084                               : PowerMSP432.oem4f (.text:restartHFXT)
                  000035dc    00000004     release_pem4f.oem4f (.text:ti_sysbios_family_arm_m3_TaskSupport_Module__startupDone__S)
                  000035e0    00000084     sysbios.aem4f : BIOS.obj (.text:ti_sysbios_family_arm_m3_Hwi_postInit__I)
                  00003664    00000004     release_pem4f.oem4f (.text:ti_sysbios_heaps_HeapMem_Module_GateProxy_enter__E)
                  00003668    00000084     sysbios.aem4f : BIOS.obj (.text:ti_sysbios_heaps_HeapMem_free__E)
                  000036ec    00000004     release_pem4f.oem4f (.text:ti_sysbios_heaps_HeapMem_Module_GateProxy_leave__E)
                  000036f0    00000080     sysbios.aem4f : BIOS.obj (.text:ti_sysbios_knl_Clock_workFunc__E)
                  00003770    0000007c     drivers_msp432p401x.aem4f : PWMTimerMSP432.oem4f (.text:setConstraints)
                  000037ec    0000007a     rtsv7M4_T_le_v4SPD16_eabi.lib : memset_t2.asm.obj (.text)
                  00003866    00000002     drivers_msp432p401x.aem4f : UARTMSP432.oem4f (.text:UARTMSP432_init)
                  00003868    00000078                               : TimerMSP432.oem4f (.text:TimerMSP432_allocateTimerResource)
                  000038e0    00000070                               : UARTMSP432.oem4f (.text:UARTMSP432_writeCancel)
                  00003950    00000070     sysbios.aem4f : BIOS.obj (.text:ti_sysbios_heaps_HeapMem_initPrimary__I)
                  000039c0    0000006c                   : BIOS.obj (.text:ti_sysbios_knl_Swi_restoreHwi__E)
                  00003a2c    0000006a     drivers_msp432p401x.aem4f : PWMTimerMSP432.oem4f (.text:perfChangeNotifyFxn)
                  00003a96    00000002     rtsv7M4_T_le_v4SPD16_eabi.lib : _lock.c.obj (.text:_nop)
                  00003a98    00000068     drivers_msp432p401x.aem4f : GPIOMSP432.oem4f (.text:GPIO_hwiIntFxn)
                  00003b00    00000068                               : PowerMSP432.oem4f (.text:PowerMSP432_getFreqs)
                  00003b68    00000068     rtsv7M4_T_le_v4SPD16_eabi.lib : copy_decompress_lzss.c.obj (.text:decompress:lzss:__TI_decompress_lzss)
                  00003bd0    00000068     drivers_msp432p401x.aem4f : PWMTimerMSP432.oem4f (.text:initHw)
                  00003c38    00000066     sysbios.aem4f : BIOS.obj (.text:xdc_runtime_Core_deleteObject__I)
                  00003c9e    00000002     rtsv7M4_T_le_v4SPD16_eabi.lib : div0.asm.obj (.text)
                  00003ca0    00000064     main_tirtos.obj (.text:main)
                  00003d04    00000004     release_pem4f.oem4f (.text:ti_sysbios_knl_Clock_TimerProxy_getMaxTicks__E)
                  00003d08    00000064     sysbios.aem4f : BIOS.obj (.text:pthread_exit)
                  00003d6c    00000004     release_pem4f.oem4f (.text:ti_sysbios_knl_Clock_delete)
                  00003d70    00000064     sysbios.aem4f : BIOS.obj (.text:ti_sysbios_family_arm_m3_Hwi_dispatchC__I)
                  00003dd4    00000060     drivers_msp432p401x.aem4f : GPIOMSP432.oem4f (.text:GPIO_setCallback)
                  00003e34    00000004     release_pem4f.oem4f (.text:ti_sysbios_knl_Semaphore_delete)
                  00003e38    00000060     sysbios.aem4f : BIOS.obj (.text:ti_sysbios_knl_Semaphore_post__E)
                  00003e98    00000060                   : BIOS.obj (.text:ti_sysbios_knl_Swi_run__I)
                  00003ef8    0000005e     msp432p4xx_driverlib.lib : pcm.o (.text:PCM_getCoreVoltageLevel)
                  00003f56    00000002     release_pem4f.oem4f (.text:ti_sysbios_BIOS_nullFunc__I)
                  00003f58    0000005c     sysbios.aem4f : BIOS.obj (.text:ti_sysbios_knl_Swi_schedule__I)
                  00003fb4    00000004     release_pem4f.oem4f (.text:ti_sysbios_knl_Task_delete)
                  00003fb8    0000005c     sysbios.aem4f : BIOS.obj (.text:ti_sysbios_knl_Task_startCore__E)
                  00004014    00000004     release_pem4f.oem4f (.text:xdc_runtime_System_Module_GateProxy_enter__E)
                  00004018    0000005c     sysbios.aem4f : BIOS.obj (.text:xdc_runtime_Startup_exec__E)
                  00004074    0000005a     msp432p4xx_driverlib.lib : pcm.o (.text:PCM_getPowerMode)
                  000040ce    00000002     --HOLE-- [fill = 0]
                  000040d0    00000058     drivers_msp432p401x.aem4f : GPIOMSP432.oem4f (.text:GPIO_write)
                  00004128    00000058     boot.aem4f : boot.oem4f (.text)
                  00004180    00000058     drivers_msp432p401x.aem4f : UARTMSP432.oem4f (.text:readIsrBinaryBlocking)
                  000041d8    00000058     sysbios.aem4f : m3_Hwi_asm_switch.obj (.text:ti_sysbios_family_arm_m3_Hwi_initStacks__E)
                  00004230    00000054     msp432p4xx_driverlib.lib : pcm.o (.text:PCM_shutdownDevice)
                  00004284    00000054     drivers_msp432p401x.aem4f : TimerMSP432.oem4f (.text:TimerMSP432_freeTimerResource)
                  000042d8    00000054     release_pem4f.oem4f (.text:ti_sysbios_family_arm_m3_Hwi_create)
                  0000432c    00000004     release_pem4f.oem4f (.text:xdc_runtime_System_Module_GateProxy_leave__E)
                  00004330    00000054     sysbios.aem4f : BIOS.obj (.text:ti_sysbios_family_arm_msp432_Timer_initDevice__I)
                  00004384    00000050     dpl_msp432p401x.aem4f : ClockP_tirtos.oem4f (.text:ClockP_create)
                  000043d4    00000004     --HOLE-- [fill = 0]
                  000043d8    00000050     sysbios.aem4f : BIOS.obj (.text:ti_sysbios_family_arm_m3_Hwi_Module_startup__E)
                  00004428    00000050     release_pem4f.oem4f (.text:ti_sysbios_knl_Task_create)
                  00004478    0000004c     dpl_msp432p401x.aem4f : PowerMSP432_tirtos.oem4f (.text:PowerMSP432_sleepPolicy)
                  000044c4    0000004c     rtsv7M4_T_le_v4SPD16_eabi.lib : cpy_tbl.c.obj (.text:copy_in)
                  00004510    0000004c     drivers_msp432p401x.aem4f : UARTMSP432.oem4f (.text:readIsrBinaryCallback)
                  0000455c    00000004     --HOLE-- [fill = 0]
                  00004560    0000004c     sysbios.aem4f : BIOS.obj (.text:ti_sysbios_family_arm_msp432_Timer_postInit__I)
                  000045ac    00000004     --HOLE-- [fill = 0]
                  000045b0    0000004c                   : BIOS.obj (.text:ti_sysbios_family_arm_msp432_Timer_start__E)
                  000045fc    00000004     --HOLE-- [fill = 0]
                  00004600    0000004c                   : BIOS.obj (.text:ti_sysbios_heaps_HeapMem_getStats__E)
                  0000464c    00000004     --HOLE-- [fill = 0]
                  00004650    0000004c                   : BIOS.obj (.text:ti_sysbios_knl_Swi_runLoop__I)
                  0000469c    00000004     --HOLE-- [fill = 0]
                  000046a0    0000004c                   : BIOS.obj (.text:ti_sysbios_knl_Task_allBlockedFunction__I)
                  000046ec    00000004     --HOLE-- [fill = 0]
                  000046f0    0000004c                   : BIOS.obj (.text:ti_sysbios_knl_Task_schedule__I)
                  0000473c    00000048     drivers_msp432p401x.aem4f : PowerMSP432.oem4f (.text:Power_releaseConstraint)
                  00004784    00000004     --HOLE-- [fill = 0]
                  00004788    00000048     sysbios.aem4f : BIOS.obj (.text:ti_sysbios_family_arm_m3_Hwi_disableInterrupt__E)
                  000047d0    00000048                   : BIOS.obj (.text:ti_sysbios_family_arm_m3_Hwi_enableInterrupt__E)
                  00004818    00000048                   : BIOS.obj (.text:ti_sysbios_knl_Mailbox_Module_startup__E)
                  00004860    00000048                   : BIOS.obj (.text:xdc_runtime_Core_assignParams__I)
                  000048a8    00000046     drivers_msp432p401x.aem4f : RingBuf.oem4f (.text:RingBuf_put)
                  000048ee    00000002     --HOLE-- [fill = 0]
                  000048f0    00000044                               : PWM.oem4f (.text:PWM_init)
                  00004934    00000044                               : UART.oem4f (.text:UART_init)
                  00004978    00000044     sysbios.aem4f : BIOS.obj (.text:ti_sysbios_family_arm_m3_Hwi_getStackInfo__E)
                  000049bc    00000004     --HOLE-- [fill = 0]
                  000049c0    00000044                   : BIOS.obj (.text:ti_sysbios_knl_Swi_post__E)
                  00004a04    00000040     dpl_msp432p401x.aem4f : HwiP_tirtos.oem4f (.text:HwiP_create)
                  00004a44    00000040     drivers_msp432p401x.aem4f : PWM.oem4f (.text:PWM_open)
                  00004a84    00000040                               : RingBuf.oem4f (.text:RingBuf_get)
                  00004ac4    00000040                               : UARTMSP432.oem4f (.text:UARTMSP432_read)
                  00004b04    00000040                               : UART.oem4f (.text:UART_open)
                  00004b44    00000040                               : PWMTimerMSP432.oem4f (.text:getDutyCounts)
                  00004b84    00000040                               : PWMTimerMSP432.oem4f (.text:getPeriodCounts)
                  00004bc4    00000040                               : UARTMSP432.oem4f (.text:perfChangeNotifyFxn)
                  00004c04    00000004     --HOLE-- [fill = 0]
                  00004c08    00000040     sysbios.aem4f : BIOS.obj (.text:ti_sysbios_family_arm_msp432_Timer_Module_startup__E)
                  00004c48    00000040                   : BIOS.obj (.text:ti_sysbios_family_arm_msp432_Timer_startup__E)
                  00004c88    00000040                   : BIOS.obj (.text:ti_sysbios_heaps_HeapMem_Instance_init__E)
                  00004cc8    00000040                   : BIOS.obj (.text:ti_sysbios_knl_Clock_Instance_init__E)
                  00004d08    0000003c     dpl_msp432p401x.aem4f : SemaphoreP_tirtos.oem4f (.text:SemaphoreP_create)
                  00004d44    00000004     --HOLE-- [fill = 0]
                  00004d48    0000003c     sysbios.aem4f : BIOS.obj (.text:sleep)
                  00004d84    00000004     --HOLE-- [fill = 0]
                  00004d88    0000003c                   : BIOS.obj (.text:ti_sysbios_family_arm_m3_Hwi_Instance_finalize__E)
                  00004dc4    00000004     --HOLE-- [fill = 0]
                  00004dc8    0000003c                   : BIOS.obj (.text:ti_sysbios_family_arm_msp432_Seconds_Module_startup__E)
                  00004e04    0000003c     release_pem4f.oem4f (.text:ti_sysbios_knl_Clock_create)
                  00004e40    0000003c     sysbios.aem4f : BIOS.obj (.text:ti_sysbios_knl_Swi_restore__E)
                  00004e7c    00000038     drivers_msp432p401x.aem4f : GPIOMSP432.oem4f (.text:GPIO_toggle)
                  00004eb4    00000038                               : PowerMSP432.oem4f (.text:Power_setConstraint)
                  00004eec    00000038                               : PowerMSP432.oem4f (.text:notify)
                  00004f24    00000004     --HOLE-- [fill = 0]
                  00004f28    00000038     sysbios.aem4f : BIOS.obj (.text:xdc_runtime_System_atexit__E)
                  00004f60    00000036     drivers_msp432p401x.aem4f : UARTMSP432.oem4f (.text:UARTMSP432_readCancel)
                  00004f96    00000002     --HOLE-- [fill = 0]
                  00004f98    00000034     release_pem4f.oem4f (.text:ti_sysbios_knl_Semaphore_create)
                  00004fcc    00000004     --HOLE-- [fill = 0]
                  00004fd0    00000032     sysbios.aem4f : BIOS.obj (.text:ti_sysbios_hal_Hwi_initStack)
                  00005002    00000002     --HOLE-- [fill = 0]
                  00005004    00000030     drivers_msp432p401x.aem4f : PWMTimerMSP432.oem4f (.text:mapPin)
                  00005034    00000030                               : UARTMSP432.oem4f (.text:mapPin)
                  00005064    00000030     release_pem4f.oem4f (.text:ti_sysbios_BIOS_atExitFunc__I)
                  00005094    00000030     release_pem4f.oem4f (.text:ti_sysbios_BIOS_startFunc__I)
                  000050c4    00000004     --HOLE-- [fill = 0]
                  000050c8    00000030     sysbios.aem4f : BIOS.obj (.text:ti_sysbios_family_arm_m3_TaskSupport_start__E)
                  000050f8    00000030     release_pem4f.oem4f (.text:ti_sysbios_gates_GateHwi_Object__create__S)
                  00005128    00000030     release_pem4f.oem4f (.text:ti_sysbios_gates_GateMutex_Object__create__S)
                  00005158    00000030     sysbios.aem4f : BIOS.obj (.text:ti_sysbios_gates_GateMutex_enter__E)
                  00005188    00000030     release_pem4f.oem4f (.text:ti_sysbios_heaps_HeapMem_Object__create__S)
                  000051b8    00000030     sysbios.aem4f : BIOS.obj (.text:ti_sysbios_knl_Mailbox_postInit__I)
                  000051e8    00000030     release_pem4f.oem4f (.text:ti_sysbios_knl_Semaphore_construct)
                  00005218    00000030     sysbios.aem4f : BIOS.obj (.text:ti_sysbios_knl_Semaphore_pendTimeout__I)
                  00005248    00000030                   : BIOS.obj (.text:ti_sysbios_knl_Task_processVitalTaskFlag__I)
                  00005278    00000030                   : BIOS.obj (.text:ti_sysbios_knl_Task_restore__E)
                  000052a8    00000030                   : BIOS.obj (.text:ti_sysbios_knl_Task_unblockI__E)
                  000052d8    00000030                   : BIOS.obj (.text:xdc_runtime_System_processAtExit__E)
                  00005308    0000002e                   : BIOS.obj (.text:pthread_setcancelstate)
                  00005336    0000002c     dpl_msp432p401x.aem4f : PowerMSP432_tirtos.oem4f (.text:PowerMSP432_updateFreqs)
                  00005362    00000002     --HOLE-- [fill = 0]
                  00005364    0000002c     msp432p4xx_driverlib.lib : rtc_c.o (.text:RTC_C_holdClock)
                  00005390    0000002c     dpl_msp432p401x.aem4f : SemaphoreP_tirtos.oem4f (.text:SemaphoreP_createBinary)
                  000053bc    00000004     --HOLE-- [fill = 0]
                  000053c0    0000002c     sysbios.aem4f : BIOS.obj (.text:_pthread_cleanupFxn)
                  000053ec    00000004     --HOLE-- [fill = 0]
                  000053f0    0000002c                   : BIOS.obj (.text:_pthread_delete$43)
                  0000541c    0000002c     release_pem4f.oem4f (.text:ti_sysbios_gates_GateHwi_Handle__label__S)
                  00005448    0000002c     release_pem4f.oem4f (.text:ti_sysbios_gates_GateMutex_Handle__label__S)
                  00005474    0000002c     release_pem4f.oem4f (.text:ti_sysbios_heaps_HeapMem_Handle__label__S)
                  000054a0    0000002c     release_pem4f.oem4f (.text:ti_sysbios_knl_Clock_doTick__I)
                  000054cc    0000002c     release_pem4f.oem4f (.text:ti_sysbios_knl_Queue_construct)
                  000054f8    00000028     msp432p4xx_driverlib.lib : pcm.o (.text:PCM_gotoLPM0)
                  00005520    00000028     drivers_msp432p401x.aem4f : PowerMSP432.oem4f (.text:Power_registerNotify)
                  00005548    00000028                               : PowerMSP432.oem4f (.text:disableFaultCounter)
                  00005570    00000028                               : PowerMSP432.oem4f (.text:disableHFXT)
                  00005598    00000028                               : UARTMSP432.oem4f (.text:findBaudDividerIndex)
                  000055c0    00000028     sysbios.aem4f : m3_Hwi_asm.obj (.text:ti_sysbios_family_arm_m3_Hwi_excHandlerAsm__I)
                  000055e8    00000028                   : BIOS.obj (.text:ti_sysbios_knl_Clock_addI__E)
                  00005610    00000028                   : BIOS.obj (.text:ti_sysbios_knl_Swi_Module_startup__E)
                  00005638    00000026     drivers_msp432p401x.aem4f : List.oem4f (.text:List_put)
                  0000565e    00000026                               : List.oem4f (.text:List_remove)
                  00005684    00000026                               : PWMTimerMSP432.oem4f (.text:releaseConstraints)
                  000056aa    00000026     sysbios.aem4f : m3_Hwi_asm.obj (.text:ti_sysbios_family_arm_m3_Hwi_pendSV__I)
                  000056d0    00000024     msp432p4xx_driverlib.lib : wdt_a.o (.text:WDT_A_holdTimer)
                  000056f4    00000004     --HOLE-- [fill = 0]
                  000056f8    00000024     sysbios.aem4f : BIOS.obj (.text:pthread_attr_init)
                  0000571c    00000024     release_pem4f.oem4f (.text:ti_sysbios_BIOS_registerRTSLock__I)
                  00005740    00000024     release_pem4f.oem4f (.text:ti_sysbios_BIOS_removeRTSLock__I)
                  00005764    00000004     --HOLE-- [fill = 0]
                  00005768    00000024     sysbios.aem4f : BIOS.obj (.text:ti_sysbios_family_arm_msp432_ClockFreqs_setFrequency__E)
                  0000578c    00000024     release_pem4f.oem4f (.text:ti_sysbios_gates_GateMutex_Object__delete__S)
                  000057b0    00000024     sysbios.aem4f : BIOS.obj (.text:ti_sysbios_knl_Clock_Module_startup__E)
                  000057d4    00000024     release_pem4f.oem4f (.text:ti_sysbios_knl_Clock_Object__delete__S)
                  000057f8    00000024     sysbios.aem4f : BIOS.obj (.text:ti_sysbios_knl_Clock_start__E)
                  0000581c    00000004     --HOLE-- [fill = 0]
                  00005820    00000024                   : BIOS.obj (.text:ti_sysbios_knl_Semaphore_Instance_init__E)
                  00005844    00000024     release_pem4f.oem4f (.text:ti_sysbios_knl_Semaphore_Object__delete__S)
                  00005868    00000024     sysbios.aem4f : BIOS.obj (.text:ti_sysbios_knl_Task_restoreHwi__E)
                  0000588c    00000004     --HOLE-- [fill = 0]
                  00005890    00000024                   : BIOS.obj (.text:xdc_runtime_Error_policyMin__E)
                  000058b4    00000020     msp432p4xx_driverlib.lib : cs.o (.text:CS_setExternalClockSourceFrequency)
                  000058d4    00000020     drivers_msp432p401x.aem4f : PowerMSP432.oem4f (.text:Power_unregisterNotify)
                  000058f4    00000020                               : RingBuf.oem4f (.text:RingBuf_peek)
                  00005914    00000020     release_pem4f.oem4f (.text:ti_sysbios_BIOS_rtsLock__I)
                  00005934    00000020     release_pem4f.oem4f (.text:ti_sysbios_family_arm_m3_Hwi_Object__delete__S)
                  00005954    00000020     release_pem4f.oem4f (.text:ti_sysbios_gates_GateHwi_Object__delete__S)
                  00005974    00000020     release_pem4f.oem4f (.text:ti_sysbios_heaps_HeapMem_Object__delete__S)
                  00005994    00000004     --HOLE-- [fill = 0]
                  00005998    00000020     sysbios.aem4f : BIOS.obj (.text:ti_sysbios_knl_Idle_run__E)
                  000059b8    00000020     release_pem4f.oem4f (.text:ti_sysbios_knl_Semaphore_destruct)
                  000059d8    00000020     release_pem4f.oem4f (.text:ti_sysbios_knl_Task_Object__delete__S)
                  000059f8    0000001e     drivers_msp432p401x.aem4f : PWMTimerMSP432.oem4f (.text:corroboratePeriod)
                  00005a16    0000001e     sysbios.aem4f : m3_Hwi_asm_switch.obj (.text:ti_sysbios_family_xxx_Hwi_switchAndRunFunc)
                  00005a34    00000004     --HOLE-- [fill = 0]
                  00005a38    0000001c                   : BIOS.obj (.text:ti_sysbios_family_arm_m3_Hwi_excHandler__I)
                  00005a54    00000004     --HOLE-- [fill = 0]
                  00005a58    0000001c                   : BIOS.obj (.text:ti_sysbios_gates_GateMutex_Instance_init__E)
                  00005a74    00000004     --HOLE-- [fill = 0]
                  00005a78    0000001c                   : BIOS.obj (.text:ti_sysbios_knl_Clock_Instance_finalize__E)
                  00005a94    0000001c     release_pem4f.oem4f (.text:ti_sysbios_knl_Queue_destruct)
                  00005ab0    0000001c     sysbios.aem4f : BIOS.obj (.text:ti_sysbios_knl_Queue_put__E)
                  00005acc    00000004     --HOLE-- [fill = 0]
                  00005ad0    0000001c                   : BIOS.obj (.text:ti_sysbios_knl_Task_enter__I)
                  00005aec    00000004     --HOLE-- [fill = 0]
                  00005af0    0000001c                   : BIOS.obj (.text:xdc_runtime_Memory_valloc__E)
                  00005b0c    00000004     --HOLE-- [fill = 0]
                  00005b10    0000001c                   : BIOS.obj (.text:xdc_runtime_System_abort__E)
                  00005b2c    00000018     release_pem4f.oem4f (.text:.bootCodeSection:ti_sysbios_family_arm_msp432_init_Boot_init__I)
                  00005b44    00000018     msp432p4xx_driverlib.lib : sysctl_a.o (.text:SysCtl_A_disableNMISource)
                  00005b5c    00000018                              : sysctl_a.o (.text:SysCtl_A_enableNMISource)
                  00005b74    00000018     drivers_msp432p401x.aem4f : UART.oem4f (.text:UART_Params_init)
                  00005b8c    00000018     rtsv7M4_T_le_v4SPD16_eabi.lib : args_main.c.obj (.text:_args_main)
                  00005ba4    00000018     drivers_msp432p401x.aem4f : PWMTimerMSP432.oem4f (.text:corroborateDuty)
                  00005bbc    00000018     release_pem4f.oem4f (.text:ti_sysbios_BIOS_rtsUnlock__I)
                  00005bd4    00000018     release_pem4f.oem4f (.text:ti_sysbios_family_arm_m3_Hwi_Module__startupDone__F)
                  00005bec    00000018     sysbios.aem4f : m3_TaskSupport_asm.obj (.text:ti_sysbios_family_arm_m3_TaskSupport_swap__E)
                  00005c04    00000018     release_pem4f.oem4f (.text:ti_sysbios_family_arm_msp432_Timer_Module__startupDone__F)
                  00005c1c    00000004     --HOLE-- [fill = 0]
                  00005c20    00000018     sysbios.aem4f : BIOS.obj (.text:ti_sysbios_gates_GateMutex_leave__E)
                  00005c38    00000018                   : BIOS.obj (.text:ti_sysbios_knl_Task_sleepTimeout__I)
                  00005c50    00000018                   : BIOS.obj (.text:xdc_runtime_Error_init__E)
                  00005c68    00000018                   : BIOS.obj (.text:xdc_runtime_System_exit__E)
                  00005c80    00000016     release_pem4f.oem4f (.text:ti_sysbios_BIOS_exitFunc__I)
                  00005c96    00000002     --HOLE-- [fill = 0]
                  00005c98    00000016     sysbios.aem4f : BIOS.obj (.text:ti_sysbios_knl_Task_unblock__E)
                  00005cae    00000002     --HOLE-- [fill = 0]
                  00005cb0    00000014     msp432p4xx_driverlib.lib : pcm.o (.text:PCM_getPowerState)
                  00005cc4    00000014     drivers_msp432p401x.aem4f : PWM.oem4f (.text:PWM_Params_init)
                  00005cd8    00000014                               : PowerMSP432.oem4f (.text:Power_idleFunc)
                  00005cec    00000014                               : UARTMSP432.oem4f (.text:clearTXCPTIFG)
                  00005d00    00000014     sysbios.aem4f : BIOS.obj (.text:pthread_attr_setschedparam)
                  00005d14    00000014     release_pem4f.oem4f (.text:ti_sysbios_family_arm_m3_Hwi_Object__get__S)
                  00005d28    00000014     sysbios.aem4f : BIOS.obj (.text:ti_sysbios_family_arm_m3_Hwi_switchFromBootStack__E)
                  00005d3c    00000014     release_pem4f.oem4f (.text:ti_sysbios_heaps_HeapMem_Object__get__S)
                  00005d50    00000014     release_pem4f.oem4f (.text:ti_sysbios_knl_Swi_Object__get__S)
                  00005d64    00000012     drivers_msp432p401x.aem4f : RingBuf.oem4f (.text:RingBuf_construct)
                  00005d76    00000012     dpl_msp432p401x.aem4f : SemaphoreP_tirtos.oem4f (.text:SemaphoreP_pend)
                  00005d88    00000012     sysbios.aem4f : BIOS.obj (.text:_pthread_cleanup_pop)
                  00005d9a    00000006     --HOLE-- [fill = 0]
                  00005da0    00000012                   : BIOS.obj (.text:_pthread_runStub$43)
                  00005db2    00000006     --HOLE-- [fill = 0]
                  00005db8    00000012                   : BIOS.obj (.text:ti_sysbios_hal_Hwi_Module_startup__E)
                  00005dca    00000012     release_pem4f.oem4f (.text:xdc_runtime_Startup_exec__I)
                  00005ddc    00000010     dpl_msp432p401x.aem4f : HwiP_tirtos.oem4f (.text:HwiP_Params_init)
                  00005dec    00000010     msp432p4xx_driverlib.lib : pcm.o (.text:PCM_gotoLPM4)
                  00005dfc    00000010                              : pcm.o (.text:PCM_setPowerMode)
                  00005e0c    00000010                              : pcm.o (.text:PCM_setPowerState)
                  00005e1c    00000010     drivers_msp432p401x.aem4f : PowerMSP432.oem4f (.text:PowerMSP432_getNumPerfLevels)
                  00005e2c    00000010     msp432p4xx_driverlib.lib : sysctl_a.o (.text:SysCtl_A_getNMISourceStatus)
                  00005e3c    00000010                              : sysctl.o (.text:SysCtl_getNMISourceStatus)
                  00005e4c    00000010     drivers_msp432p401x.aem4f : UARTMSP432.oem4f (.text:readBlockingTimeout)
                  00005e5c    00000004     --HOLE-- [fill = 0]
                  00005e60    00000010     sysbios.aem4f : BIOS.obj (.text:ti_sysbios_BIOS_exit__E)
                  00005e70    00000010                   : BIOS.obj (.text:ti_sysbios_BIOS_setCpuFreq__E)
                  00005e80    00000010                   : BIOS.obj (.text:ti_sysbios_BIOS_setThreadType__E)
                  00005e90    00000010                   : BIOS.obj (.text:ti_sysbios_BIOS_start__E)
                  00005ea0    00000010                   : m3_TaskSupport_asm.obj (.text:ti_sysbios_family_arm_m3_TaskSupport_glue)
                  00005eb0    00000010                   : BIOS.obj (.text:ti_sysbios_family_arm_msp432_init_Boot_disableWatchdog)
                  00005ec0    00000010                   : BIOS.obj (.text:ti_sysbios_gates_GateMutex_Instance_finalize__E)
                  00005ed0    00000010     release_pem4f.oem4f (.text:ti_sysbios_knl_Mailbox_Object__get__S)
                  00005ee0    00000010     sysbios.aem4f : BIOS.obj (.text:ti_sysbios_knl_Semaphore_Instance_finalize__E)
                  00005ef0    00000010                   : BIOS.obj (.text:ti_sysbios_knl_Swi_disable__E)
                  00005f00    00000010     release_pem4f.oem4f (.text:ti_sysbios_knl_Task_Object__get__S)
                  00005f10    00000010     sysbios.aem4f : BIOS.obj (.text:ti_sysbios_knl_Task_disable__E)
                  00005f20    00000010                   : BIOS.obj (.text:xdc_runtime_Gate_leaveSystem__E)
                  00005f30    00000010                   : BIOS.obj (.text:xdc_runtime_Memory_free__E)
                  00005f40    00000010                   : BIOS.obj (.text:xdc_runtime_SysCallback_abort__E)
                  00005f50    00000010                   : BIOS.obj (.text:xdc_runtime_SysCallback_exit__E)
                  00005f60    0000000e     rtsv7M4_T_le_v4SPD16_eabi.lib : copy_decompress_none.c.obj (.text:decompress:none:__TI_decompress_none)
                  00005f6e    00000002     --HOLE-- [fill = 0]
                  00005f70    0000000e     sysbios.aem4f : BIOS.obj (.text:pthread_attr_setdetachstate)
                  00005f7e    00000002     --HOLE-- [fill = 0]
                  00005f80    0000000e                   : BIOS.obj (.text:ti_sysbios_knl_Idle_loop__E)
                  00005f8e    00000002     --HOLE-- [fill = 0]
                  00005f90    0000000e                   : BIOS.obj (.text:ti_sysbios_knl_Queue_empty__E)
                  00005f9e    0000000c     ti_drivers_config.obj (.text:Board_init)
                  00005faa    0000000c     msp432p4xx_driverlib.lib : cpu.o (.text:CPU_cpsid)
                  00005fb6    0000000c                              : cpu.o (.text:CPU_cpsie)
                  00005fc2    0000000c     dpl_msp432p401x.aem4f : ClockP_tirtos.oem4f (.text:ClockP_delete)
                  00005fce    0000000c                           : HwiP_tirtos.oem4f (.text:HwiP_delete)
                  00005fda    00000002     --HOLE-- [fill = 0]
                  00005fdc    0000000c     drivers_msp432p401x.aem4f : PowerMSP432.oem4f (.text:Power_getConstraintMask)
                  00005fe8    0000000c                               : PowerMSP432.oem4f (.text:Power_getPerformanceLevel)
                  00005ff4    0000000c     dpl_msp432p401x.aem4f : SemaphoreP_tirtos.oem4f (.text:SemaphoreP_delete)
                  00006000    0000000c     rtsv7M4_T_le_v4SPD16_eabi.lib : _lock.c.obj (.text:_register_lock)
                  0000600c    0000000c                                   : _lock.c.obj (.text:_register_unlock)
                  00006018    0000000c                                   : copy_zero_init.c.obj (.text:decompress:ZI:__TI_zero_init)
                  00006024    00000004     --HOLE-- [fill = 0]
                  00006028    0000000c     sysbios.aem4f : BIOS.obj (.text:pthread_self)
                  00006034    0000000c     release_pem4f.oem4f (.text:ti_sysbios_family_arm_m3_Hwi_Params__init__S)
                  00006040    0000000c     sysbios.aem4f : BIOS.obj (.text:ti_sysbios_family_arm_m3_Hwi_disableFxn__E)
                  0000604c    00000004     --HOLE-- [fill = 0]
                  00006050    0000000c                   : BIOS.obj (.text:ti_sysbios_family_arm_m3_TaskSupport_getStackAlignment__E)
                  0000605c    00000004     --HOLE-- [fill = 0]
                  00006060    0000000c                   : BIOS.obj (.text:ti_sysbios_family_arm_msp432_Timer_getMaxTicks__E)
                  0000606c    00000004     --HOLE-- [fill = 0]
                  00006070    0000000c                   : BIOS.obj (.text:ti_sysbios_gates_GateHwi_enter__E)
                  0000607c    0000000c     release_pem4f.oem4f (.text:ti_sysbios_knl_Clock_Params__init__S)
                  00006088    0000000c     release_pem4f.oem4f (.text:ti_sysbios_knl_Queue_Object__get__S)
                  00006094    0000000c     release_pem4f.oem4f (.text:ti_sysbios_knl_Semaphore_Params__init__S)
                  000060a0    0000000c     release_pem4f.oem4f (.text:ti_sysbios_knl_Task_Params__init__S)
                  000060ac    00000004     --HOLE-- [fill = 0]
                  000060b0    0000000c     sysbios.aem4f : BIOS.obj (.text:ti_sysbios_rts_ti_ReentSupport_taskRegHook__I)
                  000060bc    00000004     --HOLE-- [fill = 0]
                  000060c0    0000000c                   : BIOS.obj (.text:xdc_runtime_Gate_enterSystem__E)
                  000060cc    00000004     --HOLE-- [fill = 0]
                  000060d0    0000000c                   : BIOS.obj (.text:xdc_runtime_Startup_rtsDone__E)
                  000060dc    0000000a     dpl_msp432p401x.aem4f : ClockP_tirtos.oem4f (.text:ClockP_Params_init)
                  000060e6    0000000a     drivers_msp432p401x.aem4f : PWM.oem4f (.text:PWM_setDuty)
                  000060f0    0000000a                               : PWM.oem4f (.text:PWM_start)
                  000060fa    0000000a                               : UART.oem4f (.text:UART_read)
                  00006104    0000000a                               : UART.oem4f (.text:UART_write)
                  0000610e    0000000a     release_pem4f.oem4f (.text:xdc_runtime_IHeap_alloc)
                  00006118    0000000a     release_pem4f.oem4f (.text:xdc_runtime_IHeap_free)
                  00006122    00000008     dpl_msp432p401x.aem4f : SemaphoreP_tirtos.oem4f (.text:SemaphoreP_Params_init)
                  0000612a    00000006     --HOLE-- [fill = 0]
                  00006130    00000008     sysbios.aem4f : BIOS.obj (.text:pthread_attr_setstacksize)
                  00006138    00000008     drivers_msp432p401x.aem4f : UARTMSP432.oem4f (.text:readSemCallback)
                  00006140    00000008     sysbios.aem4f : BIOS.obj (.text:ti_sysbios_family_arm_m3_Hwi_doSwiRestore__I)
                  00006148    00000008                   : BIOS.obj (.text:ti_sysbios_family_arm_m3_Hwi_startup__E)
                  00006150    00000008     drivers_msp432p401x.aem4f : UARTMSP432.oem4f (.text:txcptEnabledStatus)
                  00006158    00000008                               : UARTMSP432.oem4f (.text:writeSemCallback)
                  00006160    00000006     sysbios.aem4f : BIOS.obj (.text:ti_sysbios_family_arm_m3_Hwi_doTaskRestore__I)
                  00006166    00000002     --HOLE-- [fill = 0]
                  00006168    00000006                   : BIOS.obj (.text:ti_sysbios_family_arm_m3_Hwi_restoreFxn__E)
                  0000616e    00000002     --HOLE-- [fill = 0]
                  00006170    00000006                   : BIOS.obj (.text:ti_sysbios_gates_GateHwi_leave__E)
                  00006176    00000002     --HOLE-- [fill = 0]
                  00006178    00000006                   : BIOS.obj (.text:ti_sysbios_heaps_HeapMem_isBlocking__E)
                  0000617e    00000002     --HOLE-- [fill = 0]
                  00006180    00000006                   : BIOS.obj (.text:ti_sysbios_knl_Clock_stop__E)
                  00006186    00000002     --HOLE-- [fill = 0]
                  00006188    00000006                   : BIOS.obj (.text:ti_sysbios_knl_Queue_Instance_init__E)
                  0000618e    00000002     --HOLE-- [fill = 0]
                  00006190    00000006                   : BIOS.obj (.text:ti_sysbios_knl_Swi_startup__E)
                  00006196    00000002     --HOLE-- [fill = 0]
                  00006198    00000006                   : BIOS.obj (.text:xdc_runtime_System_Module_startup__E)
                  0000619e    00000002     --HOLE-- [fill = 0]
                  000061a0    00000004                   : BIOS.obj (.text:ti_sysbios_gates_GateHwi_query__E)
                  000061a4    00000004     --HOLE-- [fill = 0]
                  000061a8    00000004                   : BIOS.obj (.text:ti_sysbios_gates_GateMutex_query__E)
                  000061ac    00000004     --HOLE-- [fill = 0]
                  000061b0    00000004                   : BIOS.obj (.text:ti_sysbios_knl_Clock_setTimeout__E)
                  000061b4    00000004     --HOLE-- [fill = 0]
                  000061b8    00000004                   : BIOS.obj (.text:ti_sysbios_knl_Task_startup__E)
                  000061bc    00000004     --HOLE-- [fill = 0]
                  000061c0    00000002                   : BIOS.obj (.text:ti_sysbios_BIOS_linkedWithIncorrectBootLibrary__E)
                  000061c2    00000006     --HOLE-- [fill = 0]
                  000061c8    00000002                   : BIOS.obj (.text:ti_sysbios_gates_GateHwi_Instance_init__E)
                  000061ca    00000006     --HOLE-- [fill = 0]
                  000061d0    00000002                   : BIOS.obj (.text:ti_sysbios_knl_Clock_logTick__E)
                  000061d2    00000006     --HOLE-- [fill = 0]
                  000061d8    00000002                   : BIOS.obj (.text:xdc_runtime_SysCallback_defaultAbort)
                  000061da    00000006     --HOLE-- [fill = 0]
                  000061e0    00000002                   : BIOS.obj (.text:xdc_runtime_SysCallback_defaultExit)
                  000061e2    00000006     --HOLE-- [fill = 0]
                  000061e8    00000002                   : BIOS.obj (.text:xdc_runtime_System_abortSpin__E)
                  000061ea    00000006     --HOLE-- [fill = 0]
                  000061f0    00000002                   : BIOS.obj (.text:xdc_runtime_System_exitSpin__E)

.const     0    000061f4    000005a6     
                  000061f4    00000040     ti_drivers_config.obj (.const:uartMSP432Baudrates)
                  00006234    0000003c     release_pem4f.oem4f (.const:ti_sysbios_knl_Task_Object__PARAMS__C)
                  00006270    00000038     ti_drivers_config.obj (.const:PowerMSP432_config)
                  000062a8    00000030     release_pem4f.oem4f (.const:ti_sysbios_family_arm_m3_Hwi_Object__PARAMS__C)
                  000062d8    0000002c     ti_drivers_config.obj (.const:uartMSP432HWAttrs)
                  00006304    00000028     drivers_msp432p401x.aem4f : UARTMSP432.oem4f (.const:UARTMSP432_fxnTable)
                  0000632c    00000028     release_pem4f.oem4f (.const:ti_sysbios_heaps_HeapMem_Module__FXNS__C)
                  00006354    00000024     drivers_msp432p401x.aem4f : PWMTimerMSP432.oem4f (.const:PWMTimerMSP432_fxnTable)
                  00006378    00000024                               : UART.oem4f (.const:UART_defaultParams)
                  0000639c    00000024     release_pem4f.oem4f (.const:ti_sysbios_gates_GateHwi_Module__FXNS__C)
                  000063c0    00000024     release_pem4f.oem4f (.const:ti_sysbios_gates_GateMutex_Module__FXNS__C)
                  000063e4    00000024     release_pem4f.oem4f (.const:ti_sysbios_heaps_HeapMem_Object__PARAMS__C)
                  00006408    00000024     release_pem4f.oem4f (.const:ti_sysbios_knl_Clock_Object__PARAMS__C)
                  0000642c    00000024     release_pem4f.oem4f (.const:ti_sysbios_knl_Semaphore_Object__PARAMS__C)
                  00006450    00000024     release_pem4f.oem4f (.const:xdc_runtime_Startup_sfxnTab__A)
                  00006474    00000020     drivers_msp432p401x.aem4f : UARTMSP432.oem4f (.const:staticFxnTable)
                  00006494    00000020     release_pem4f.oem4f (.const:ti_sysbios_family_arm_m3_Hwi_Object__DESC__C)
                  000064b4    00000020     release_pem4f.oem4f (.const:ti_sysbios_gates_GateHwi_Object__DESC__C)
                  000064d4    00000020     release_pem4f.oem4f (.const:ti_sysbios_gates_GateMutex_Object__DESC__C)
                  000064f4    00000020     release_pem4f.oem4f (.const:ti_sysbios_heaps_HeapMem_Object__DESC__C)
                  00006514    00000020     release_pem4f.oem4f (.const:ti_sysbios_knl_Clock_Object__DESC__C)
                  00006534    00000020     release_pem4f.oem4f (.const:ti_sysbios_knl_Queue_Object__DESC__C)
                  00006554    00000020     release_pem4f.oem4f (.const:ti_sysbios_knl_Semaphore_Object__DESC__C)
                  00006574    00000020     release_pem4f.oem4f (.const:ti_sysbios_knl_Task_Object__DESC__C)
                  00006594    00000018     drivers_msp432p401x.aem4f : PWM.oem4f (.const:PWM_defaultParams)
                  000065ac    00000018     release_pem4f.oem4f (.const:ti_sysbios_gates_GateHwi_Object__PARAMS__C)
                  000065c4    00000018     release_pem4f.oem4f (.const:ti_sysbios_gates_GateMutex_Object__PARAMS__C)
                  000065dc    00000018     release_pem4f.oem4f (.const:ti_sysbios_knl_Queue_Object__PARAMS__C)
                  000065f4    00000018     release_pem4f.oem4f (.const:ti_sysbios_knl_Task_hooks__A)
                  0000660c    00000016     test101.obj (.const:.string:$P$T0$2)
                  00006622    00000002     ti_drivers_config.obj (.const)
                  00006624    00000014     ti_drivers_config.obj (.const:GPIOMSP432_config)
                  00006638    00000012     release_pem4f.oem4f (.const:xdc_runtime_Startup_sfxnRts__A)
                  0000664a    00000002     release_pem4f.oem4f (.const:ti_sysbios_family_arm_m3_Hwi_Module__id__C)
                  0000664c    00000010     drivers_msp432p401x.aem4f : PWMTimerMSP432.oem4f (.const:pwmTimerBaseAddr)
                  0000665c    0000000c     ti_drivers_config.obj (.const:PWM_config)
                  00006668    0000000c     ti_drivers_config.obj (.const:UART_config)
                  00006674    0000000c     release_pem4f.oem4f (.const:xdc_runtime_Startup_firstFxns__A)
                  00006680    00000008     ti_drivers_config.obj (.const:pwmTimerMSP432HWAttrs)
                  00006688    00000008     release_pem4f.oem4f (.const:ti_sysbios_knl_Idle_funcList__A)
                  00006690    00000008     release_pem4f.oem4f (.const:ti_sysbios_knl_Idle_funcList__C)
                  00006698    00000008     release_pem4f.oem4f (.const:ti_sysbios_knl_Task_hooks__C)
                  000066a0    00000008     release_pem4f.oem4f (.const:xdc_runtime_Startup_firstFxns__C)
                  000066a8    00000008     release_pem4f.oem4f (.const:xdc_runtime_Startup_lastFxns__C)
                  000066b0    00000006     drivers_msp432p401x.aem4f : GPIOMSP432.oem4f (.const:.string:interruptType)
                  000066b6    00000006                               : GPIOMSP432.oem4f (.const:.string:portInterruptIds)
                  000066bc    00000005                               : UARTMSP432.oem4f (.const:.string:parityTypes)
                  000066c1    00000001     release_pem4f.oem4f (.const:xdc_runtime_Error_policy__C)
                  000066c2    00000004     drivers_msp432p401x.aem4f : UARTMSP432.oem4f (.const:stopBits)
                  000066c6    00000002     release_pem4f.oem4f (.const:ti_sysbios_family_arm_msp432_init_Boot_bypassHFXT__C)
                  000066c8    00000004     release_pem4f.oem4f (.const:ti_sysbios_family_arm_m3_Hwi_E_alreadyDefined__C)
                  000066cc    00000004     release_pem4f.oem4f (.const:ti_sysbios_family_arm_m3_Hwi_E_badIntNum__C)
                  000066d0    00000004     release_pem4f.oem4f (.const:ti_sysbios_family_arm_m3_Hwi_NUM_INTERRUPTS__C)
                  000066d4    00000004     release_pem4f.oem4f (.const:ti_sysbios_family_arm_m3_Hwi_Object__count__C)
                  000066d8    00000004     release_pem4f.oem4f (.const:ti_sysbios_family_arm_m3_Hwi_ccr__C)
                  000066dc    00000004     release_pem4f.oem4f (.const:ti_sysbios_family_arm_m3_Hwi_excHandlerFunc__C)
                  000066e0    00000004     release_pem4f.oem4f (.const:ti_sysbios_family_arm_m3_Hwi_nullIsrFunc__C)
                  000066e4    00000004     release_pem4f.oem4f (.const:ti_sysbios_family_arm_m3_Hwi_priGroup__C)
                  000066e8    00000004     release_pem4f.oem4f (.const:ti_sysbios_family_arm_m3_Hwi_swiDisable__C)
                  000066ec    00000004     release_pem4f.oem4f (.const:ti_sysbios_family_arm_m3_Hwi_swiRestore__C)
                  000066f0    00000004     release_pem4f.oem4f (.const:ti_sysbios_family_arm_m3_TaskSupport_stackAlignment__C)
                  000066f4    00000004     release_pem4f.oem4f (.const:ti_sysbios_family_arm_msp432_Timer_numTimerDevices__C)
                  000066f8    00000004     release_pem4f.oem4f (.const:ti_sysbios_family_arm_msp432_Timer_startupNeeded__C)
                  000066fc    00000004     release_pem4f.oem4f (.const:ti_sysbios_gates_GateMutex_Instance_State_sem__O)
                  00006700    00000004     release_pem4f.oem4f (.const:ti_sysbios_heaps_HeapMem_E_memory__C)
                  00006704    00000004     release_pem4f.oem4f (.const:ti_sysbios_heaps_HeapMem_Module__gateObj__C)
                  00006708    00000004     release_pem4f.oem4f (.const:ti_sysbios_heaps_HeapMem_Object__count__C)
                  0000670c    00000004     release_pem4f.oem4f (.const:ti_sysbios_heaps_HeapMem_primaryHeapBaseAddr__C)
                  00006710    00000004     release_pem4f.oem4f (.const:ti_sysbios_heaps_HeapMem_primaryHeapEndAddr__C)
                  00006714    00000004     release_pem4f.oem4f (.const:ti_sysbios_heaps_HeapMem_reqAlign__C)
                  00006718    00000004     release_pem4f.oem4f (.const:ti_sysbios_knl_Clock_Module_State_clockQ__O)
                  0000671c    00000004     release_pem4f.oem4f (.const:ti_sysbios_knl_Clock_tickPeriod__C)
                  00006720    00000004     release_pem4f.oem4f (.const:ti_sysbios_knl_Mailbox_Instance_State_freeQue__O)
                  00006724    00000004     release_pem4f.oem4f (.const:ti_sysbios_knl_Mailbox_Object__count__C)
                  00006728    00000004     release_pem4f.oem4f (.const:ti_sysbios_knl_Mailbox_maxTypeAlign__C)
                  0000672c    00000004     release_pem4f.oem4f (.const:ti_sysbios_knl_Semaphore_Instance_State_pendQ__O)
                  00006730    00000004     release_pem4f.oem4f (.const:ti_sysbios_knl_Swi_Object__count__C)
                  00006734    00000004     release_pem4f.oem4f (.const:ti_sysbios_knl_Task_Module_State_inactiveQ__O)
                  00006738    00000004     release_pem4f.oem4f (.const:ti_sysbios_knl_Task_Object__count__C)
                  0000673c    00000004     release_pem4f.oem4f (.const:ti_sysbios_knl_Task_Object__heap__C)
                  00006740    00000004     release_pem4f.oem4f (.const:ti_sysbios_knl_Task_allBlockedFunc__C)
                  00006744    00000004     release_pem4f.oem4f (.const:ti_sysbios_knl_Task_defaultStackHeap__C)
                  00006748    00000004     release_pem4f.oem4f (.const:ti_sysbios_knl_Task_defaultStackSize__C)
                  0000674c    00000004     release_pem4f.oem4f (.const:ti_sysbios_knl_Task_numConstructedTasks__C)
                  00006750    00000004     release_pem4f.oem4f (.const:xdc_runtime_Error_E_memory__C)
                  00006754    00000004     release_pem4f.oem4f (.const:xdc_runtime_Error_policyFxn__C)
                  00006758    00000004     release_pem4f.oem4f (.const:xdc_runtime_IGateProvider_Interface__BASE__C)
                  0000675c    00000004     release_pem4f.oem4f (.const:xdc_runtime_IHeap_Interface__BASE__C)
                  00006760    00000004     release_pem4f.oem4f (.const:xdc_runtime_IModule_Interface__BASE__C)
                  00006764    00000004     release_pem4f.oem4f (.const:xdc_runtime_Memory_defaultHeapInstance__C)
                  00006768    00000004     release_pem4f.oem4f (.const:xdc_runtime_Startup_execImpl__C)
                  0000676c    00000004     release_pem4f.oem4f (.const:xdc_runtime_Startup_maxPasses__C)
                  00006770    00000004     release_pem4f.oem4f (.const:xdc_runtime_Startup_sfxnRts__C)
                  00006774    00000004     release_pem4f.oem4f (.const:xdc_runtime_Startup_sfxnTab__C)
                  00006778    00000004     release_pem4f.oem4f (.const:xdc_runtime_SysCallback_abortFxn__C)
                  0000677c    00000004     release_pem4f.oem4f (.const:xdc_runtime_SysCallback_exitFxn__C)
                  00006780    00000004     release_pem4f.oem4f (.const:xdc_runtime_System_Module__gateObj__C)
                  00006784    00000004     release_pem4f.oem4f (.const:xdc_runtime_System_abortFxn__C)
                  00006788    00000004     release_pem4f.oem4f (.const:xdc_runtime_System_exitFxn__C)
                  0000678c    00000004     release_pem4f.oem4f (.const:xdc_runtime_System_maxAtexitHandlers__C)
                  00006790    00000002     release_pem4f.oem4f (.const:ti_sysbios_family_arm_msp432_init_Boot_bypassLFXT__C)
                  00006792    00000002     release_pem4f.oem4f (.const:ti_sysbios_family_arm_msp432_init_Boot_enableHFXT__C)
                  00006794    00000002     release_pem4f.oem4f (.const:ti_sysbios_family_arm_msp432_init_Boot_enableLFXT__C)
                  00006796    00000002     release_pem4f.oem4f (.const:ti_sysbios_heaps_HeapMem_Module__id__C)
                  00006798    00000002     release_pem4f.oem4f (.const:xdc_runtime_Memory_Module__id__C)

.cinit     0    000067a0    00000238     
                  000067a0    00000213     (.cinit..data.load) [load image, compression = lzss]
                  000069b3    00000001     --HOLE-- [fill = 0]
                  000069b4    0000000c     (__TI_handler_table)
                  000069c0    00000008     (.cinit..bss.load) [load image, compression = zero_init]
                  000069c8    00000010     (__TI_cinit_table)

.init_array 
*          0    00000000    00000000     UNINITIALIZED

.data      0    20008140    0000071e     UNINITIALIZED
                  20008140    00000140     drivers_msp432p401x.aem4f : PowerMSP432.oem4f (.data:PowerMSP432_perfLevels)
                  20008280    00000110                               : PWMTimerMSP432.oem4f (.data:pwmTimerStatus)
                  20008390    00000088     sysbios.aem4f : BIOS.obj (.data:$O1$$)
                  20008418    00000080     release_pem4f.oem4f (.data:ti_sysbios_knl_Swi_Module_State_0_readyQ__A)
                  20008498    00000080     release_pem4f.oem4f (.data:ti_sysbios_knl_Task_Module_State_0_readyQ__A)
                  20008518    00000054     release_pem4f.oem4f (.data:ti_sysbios_gates_GateMutex_Object__table__V)
                  2000856c    0000004c     release_pem4f.oem4f (.data:ti_sysbios_knl_Task_Object__table__V)
                  200085b8    00000044     release_pem4f.oem4f (.data:ti_sysbios_family_arm_msp432_Timer_Object__table__V)
                  200085fc    00000044     release_pem4f.oem4f (.data:ti_sysbios_knl_Task_Module__state__V)
                  20008640    00000034     release_pem4f.oem4f (.data:ti_sysbios_family_arm_m3_Hwi_Module__state__V)
                  20008674    00000030     release_pem4f.oem4f (.data:ti_sysbios_knl_Swi_Object__table__V)
                  200086a4    0000002c     drivers_msp432p401x.aem4f : PowerMSP432.oem4f (.data:PowerMSP432_module)
                  200086d0    0000002c     release_pem4f.oem4f (.data:ti_sysbios_knl_Clock_Module__state__V)
                  200086fc    00000024     release_pem4f.oem4f (.data:ti_sysbios_BIOS_Module__state__V)
                  20008720    00000020     release_pem4f.oem4f (.data:ti_sysbios_family_arm_msp432_Timer_Module_State_0_device__A)
                  20008740    00000020     release_pem4f.oem4f (.data:xdc_runtime_Error_IgnoreBlock)
                  20008760    0000001c     release_pem4f.oem4f (.data:ti_sysbios_knl_Swi_Module__state__V)
                  2000877c    00000018     release_pem4f.oem4f (.data:ti_sysbios_family_arm_m3_Hwi_Object__table__V)
                  20008794    00000018     release_pem4f.oem4f (.data:ti_sysbios_heaps_HeapMem_Object__table__V)
                  200087ac    00000010     release_pem4f.oem4f (.data:ti_sysbios_family_arm_msp432_Timer_Module_State_0_handles__A)
                  200087bc    0000000c     release_pem4f.oem4f (.data:ti_sysbios_family_arm_msp432_ClockFreqs_Module__state__V)
                  200087c8    0000000c     release_pem4f.oem4f (.data:ti_sysbios_family_arm_msp432_Timer_Module__state__V)
                  200087d4    00000008     rtsv7M4_T_le_v4SPD16_eabi.lib : _lock.c.obj (.data:$O1$$)
                  200087dc    00000008     release_pem4f.oem4f (.data:ti_sysbios_family_arm_m3_Hwi_Module__root__V)
                  200087e4    00000008     release_pem4f.oem4f (.data:ti_sysbios_gates_GateHwi_Module__root__V)
                  200087ec    00000008     release_pem4f.oem4f (.data:ti_sysbios_gates_GateMutex_Module__root__V)
                  200087f4    00000008     release_pem4f.oem4f (.data:ti_sysbios_heaps_HeapMem_Module__root__V)
                  200087fc    00000008     release_pem4f.oem4f (.data:ti_sysbios_knl_Clock_Module__root__V)
                  20008804    00000008     release_pem4f.oem4f (.data:ti_sysbios_knl_Queue_Module__root__V)
                  2000880c    00000008     release_pem4f.oem4f (.data:ti_sysbios_knl_Semaphore_Module__root__V)
                  20008814    00000008     release_pem4f.oem4f (.data:ti_sysbios_knl_Task_Module__root__V)
                  2000881c    00000008     release_pem4f.oem4f (.data:xdc_runtime_Startup_Module__state__V)
                  20008824    00000008     release_pem4f.oem4f (.data:xdc_runtime_System_Module_State_0_atexitHandlers__A)
                  2000882c    00000008     release_pem4f.oem4f (.data:xdc_runtime_System_Module__state__V)
                  20008834    00000004     ti_drivers_config.obj (.data:gpioCallbackFunctions)
                  20008838    00000004     ti_drivers_config.obj (.data:gpioPinConfigs)
                  2000883c    00000004     rtsv7M4_T_le_v4SPD16_eabi.lib : stkdepth_vars.c.obj (.data)
                  20008840    00000004     release_pem4f.oem4f (.data:ti_sysbios_family_arm_m3_Hwi_Module_State_0_excContext__A)
                  20008844    00000004     release_pem4f.oem4f (.data:ti_sysbios_family_arm_m3_Hwi_Module_State_0_excStack__A)
                  20008848    00000004     release_pem4f.oem4f (.data:ti_sysbios_gates_GateHwi_Object__table__V)
                  2000884c    00000004     release_pem4f.oem4f (.data:ti_sysbios_knl_Task_Module_State_0_idleTask__A)
                  20008850    00000004     release_pem4f.oem4f (.data:ti_sysbios_rts_ti_ReentSupport_Module__state__V)
                  20008854    00000004     release_pem4f.oem4f (.data:xdc_runtime_Memory_Module__state__V)
                  20008858    00000002     drivers_msp432p401x.aem4f : GPIOMSP432.oem4f (.data)
                  2000885a    00000002     release_pem4f.oem4f (.data:ti_sysbios_family_arm_m3_Hwi_Module_State_0_excActive__A)
                  2000885c    00000001     drivers_msp432p401x.aem4f : PWM.oem4f (.data)
                  2000885d    00000001                               : UART.oem4f (.data)

.bss       0    20008860    00000534     UNINITIALIZED
                  20008860    00000200     release_pem4f.oem4f (.bss:taskStackSection)
                  20008a60    00000140     (.common:ti_sysbios_family_arm_m3_Hwi_dispatchTable)
                  20008ba0    00000100     test101.obj (.bss:line$1)
                  20008ca0    00000080     (.common:uartMSP432Objects)
                  20008d20    00000030     drivers_msp432p401x.aem4f : GPIOMSP432.oem4f (.bss:gpioCallbackInfo)
                  20008d50    00000020     ti_drivers_config.obj (.bss:uartMSP432RingBuffer0)
                  20008d70    0000000c     (.common:pwmTimerMSP432Objects)
                  20008d7c    00000008     msp432p4xx_driverlib.lib : cs.o (.bss)
                  20008d84    00000004     drivers_msp432p401x.aem4f : GPIOMSP432.oem4f (.bss)
                  20008d88    00000004                               : TimerMSP432.oem4f (.bss:timerState)
                  20008d8c    00000004     (.common:ClockP_tickPeriod)
                  20008d90    00000004     (.common:ti_sysbios_knl_Task_Instance_State_0_hookEnv__A)

.priheap   0    20000140    00008000     UNINITIALIZED
                  20000140    00008000     --HOLE--

.stack     0    2000fc00    00000400     UNINITIALIZED
                  2000fc00    00000400     --HOLE--

.bootVecs 
*          0    00000000    00000008     DSECT
                  00000000    00000008     boot.aem4f : boot.oem4f (.bootVecs)

.resetVecs 
*          0    00000000    0000003c     
                  00000000    0000003c     release_pem4f.oem4f (.resetVecs)

.vecs      0    20000000    00000140     NOLOAD SECTION
                  20000000    00000140     release_pem4f.oem4f (.vecs)

xdc.meta   0    00000000    00000102     COPY SECTION
                  00000000    00000102     release_pem4f.oem4f (xdc.meta)

xdc.noload 
*          0    00000000    00000000     COPY SECTION

__llvm_prf_cnts 
*          0    20000000    00000000     UNINITIALIZED

.binit     0    00000000    00000000     

MODULE SUMMARY

       Module                       code    ro data   rw data
       ------                       ----    -------   -------
    ./
       test101.obj                  304     22        512    
       main_tirtos.obj              100     0         0      
    +--+----------------------------+-------+---------+---------+
       Total:                       404     22        512    
                                                             
    ./syscfg/
       ti_drivers_config.obj        14      218       360    
    +--+----------------------------+-------+---------+---------+
       Total:                       14      218       360    
                                                             
    /home/darkerknight/workspace_v10/tirtos_builds_MSP_EXP432P401R_release_ccs/Debug/configPkg/package/cfg/
       release_pem4f.oem4f          1542    1061      4364   
    +--+----------------------------+-------+---------+---------+
       Total:                       1542    1061      4364   
                                                             
    /home/darkerknight/ti/ccs1000/ccs/tools/compiler/ti-cgt-arm_20.2.0.LTS/lib/rtsv7M4_T_le_v4SPD16_eabi.lib
       memcpy_t2.asm.obj            156     0         0      
       ull_div_t2.asm.obj           150     0         0      
       memset_t2.asm.obj            122     0         0      
       copy_decompress_lzss.c.obj   104     0         0      
       cpy_tbl.c.obj                76      0         0      
       _lock.c.obj                  26      0         16     
       args_main.c.obj              24      0         0      
       copy_decompress_none.c.obj   14      0         0      
       copy_zero_init.c.obj         12      0         0      
       stkdepth_vars.c.obj          0       0         8      
       div0.asm.obj                 2       0         0      
    +--+----------------------------+-------+---------+---------+
       Total:                       686     0         24     
                                                             
    /home/darkerknight/ti/simplelink_msp432p4_sdk_3_40_01_02/kernel/tirtos/packages/ti/dpl/lib/dpl_msp432p401x.aem4f
       SemaphoreP_tirtos.oem4f      146     0         0      
       ClockP_tirtos.oem4f          114     0         8      
       PowerMSP432_tirtos.oem4f     122     0         0      
       HwiP_tirtos.oem4f            96      0         0      
    +--+----------------------------+-------+---------+---------+
       Total:                       478     0         8      
                                                             
    /home/darkerknight/ti/simplelink_msp432p4_sdk_3_40_01_02/kernel/tirtos/packages/ti/targets/arm/rtsarm/lib/auto_init.aem4f
       auto_init.oem4f              160     0         0      
    +--+----------------------------+-------+---------+---------+
       Total:                       160     0         0      
                                                             
    /home/darkerknight/ti/simplelink_msp432p4_sdk_3_40_01_02/kernel/tirtos/packages/ti/targets/arm/rtsarm/lib/boot.aem4f
       boot.oem4f                   88      0         0      
    +--+----------------------------+-------+---------+---------+
       Total:                       88      0         0      
                                                             
    /home/darkerknight/ti/simplelink_msp432p4_sdk_3_40_01_02/source/ti/devices/msp432p4xx/driverlib/ccs/msp432p4xx_driverlib.lib
       pcm.o                        1770    0         0      
       cs.o                         704     0         16     
       uart.o                       284     0         0      
       sysctl_a.o                   64      0         0      
       rtc_c.o                      44      0         0      
       wdt_a.o                      36      0         0      
       cpu.o                        28      0         0      
       sysctl.o                     16      0         0      
    +--+----------------------------+-------+---------+---------+
       Total:                       2946    0         16     
                                                             
    /home/darkerknight/ti/simplelink_msp432p4_sdk_3_40_01_02/source/ti/drivers/lib/drivers_msp432p401x.aem4f
       UARTMSP432.oem4f             3406    81        0      
       PowerMSP432.oem4f            2196    0         728    
       PWMTimerMSP432.oem4f         1992    52        544    
       GPIOMSP432.oem4f             884     12        108    
       UART.oem4f                   176     36        2      
       TimerMSP432.oem4f            204     0         8      
       PWM.oem4f                    172     24        2      
       RingBuf.oem4f                184     0         0      
       List.oem4f                   76      0         0      
    +--+----------------------------+-------+---------+---------+
       Total:                       9290    205       1392   
                                                             
    /home/darkerknight/workspace_v10/tirtos_builds_MSP_EXP432P401R_release_ccs/src/sysbios/sysbios.aem4f
       BIOS.obj                     8526    0         272    
       m3_Hwi_asm.obj               318     0         0      
       m3_TaskSupport_asm.obj       180     0         0      
       m3_Hwi_asm_switch.obj        118     0         0      
    +--+----------------------------+-------+---------+---------+
       Total:                       9142    0         272    
                                                             
       Stack:                       0       0         2048   
       Linker Generated:            0       567       0      
    +--+----------------------------+-------+---------+---------+
       Grand Total:                 24750   2073      8996   


LINKER GENERATED COPY TABLES

__TI_cinit_table @ 000069c8 records: 2, size/record: 8, table size: 16
	.data: load addr=000067a0, load size=00000213 bytes, run addr=20008140, run size=0000071e bytes, compression=lzss
	.bss: load addr=000069c0, load size=00000008 bytes, run addr=20008860, run size=00000534 bytes, compression=zero_init


LINKER GENERATED HANDLER TABLE

__TI_handler_table @ 000069b4 records: 3, size/record: 4, table size: 12
	index: 0, handler: __TI_decompress_lzss
	index: 1, handler: __TI_decompress_none
	index: 2, handler: __TI_zero_init


GLOBAL SYMBOLS: SORTED ALPHABETICALLY BY Name 

address   name                                                            
-------   ----                                                            
00005f9f  Board_init                                                      
00000893  Board_initHook                                                  
00005fab  CPU_cpsid                                                       
00005fb7  CPU_cpsie                                                       
0000189d  CPU_wfi                                                         
000058b5  CS_setExternalClockSourceFrequency                              
00001b79  CS_startHFXTWithTimeout                                         
00001d45  CS_startLFXTWithTimeout                                         
000060dd  ClockP_Params_init                                              
00004385  ClockP_create                                                   
00005fc3  ClockP_delete                                                   
00001c5d  ClockP_setTimeout                                               
00001fdd  ClockP_start                                                    
000023b5  ClockP_stop                                                     
20008d8c  ClockP_tickPeriod                                               
00006624  GPIOMSP432_config                                               
00003a99  GPIO_hwiIntFxn                                                  
000025d9  GPIO_init                                                       
00003dd5  GPIO_setCallback                                                
00000d25  GPIO_setConfig                                                  
00004e7d  GPIO_toggle                                                     
000040d1  GPIO_write                                                      
00008000  HEAPSIZE                                                        
00005ddd  HwiP_Params_init                                                
00004a05  HwiP_create                                                     
00005fcf  HwiP_delete                                                     
00002685  HwiP_disable                                                    
00006169  HwiP_restore                                                    
00005639  List_put                                                        
0000565f  List_remove                                                     
00003ef9  PCM_getCoreVoltageLevel                                         
00004075  PCM_getPowerMode                                                
00005cb1  PCM_getPowerState                                               
000054f9  PCM_gotoLPM0                                                    
00003451  PCM_gotoLPM3                                                    
00005ded  PCM_gotoLPM4                                                    
00005dfd  PCM_setPowerMode                                                
00005e0d  PCM_setPowerState                                               
00004231  PCM_shutdownDevice                                              
0000333d  PWMTimerMSP432_close                                            
0000217b  PWMTimerMSP432_control                                          
00006354  PWMTimerMSP432_fxnTable                                         
00002d8b  PWMTimerMSP432_init                                             
00000b1d  PWMTimerMSP432_open                                             
00002d8d  PWMTimerMSP432_setDuty                                          
00002883  PWMTimerMSP432_setDutyAndPeriod                                 
0000136d  PWMTimerMSP432_setPeriod                                        
000034d5  PWMTimerMSP432_start                                            
00002931  PWMTimerMSP432_stop                                             
00005cc5  PWM_Params_init                                                 
0000665c  PWM_config                                                      
00006622  PWM_count                                                       
00006594  PWM_defaultParams                                               
000048f1  PWM_init                                                        
00004a45  PWM_open                                                        
000060e7  PWM_setDuty                                                     
000060f1  PWM_start                                                       
00006270  PowerMSP432_config                                              
00003b01  PowerMSP432_getFreqs                                            
00005e1d  PowerMSP432_getNumPerfLevels                                    
0000344f  PowerMSP432_initPolicy                                          
200086a4  PowerMSP432_module                                              
20008140  PowerMSP432_perfLevels                                          
00004479  PowerMSP432_sleepPolicy                                         
00005337  PowerMSP432_updateFreqs                                         
00005fdd  Power_getConstraintMask                                         
00005fe9  Power_getPerformanceLevel                                       
00005cd9  Power_idleFunc                                                  
00002bbd  Power_init                                                      
00005521  Power_registerNotify                                            
0000473d  Power_releaseConstraint                                         
00004eb5  Power_setConstraint                                             
00000041  Power_sleep                                                     
000058d5  Power_unregisterNotify                                          
00005365  RTC_C_holdClock                                                 
00005d65  RingBuf_construct                                               
00004a85  RingBuf_get                                                     
000058f5  RingBuf_peek                                                    
000048a9  RingBuf_put                                                     
UNDEFED   SHT$$INIT_ARRAY$$Base                                           
UNDEFED   SHT$$INIT_ARRAY$$Limit                                          
00006123  SemaphoreP_Params_init                                          
00004d09  SemaphoreP_create                                               
00005391  SemaphoreP_createBinary                                         
00005ff5  SemaphoreP_delete                                               
00005d77  SemaphoreP_pend                                                 
000029d5  SemaphoreP_post                                                 
00005b45  SysCtl_A_disableNMISource                                       
00005b5d  SysCtl_A_enableNMISource                                        
00005e2d  SysCtl_A_getNMISourceStatus                                     
00005e3d  SysCtl_getNMISourceStatus                                       
00003869  TimerMSP432_allocateTimerResource                               
00004285  TimerMSP432_freeTimerResource                                   
00002fe5  UARTMSP432_close                                                
00002471  UARTMSP432_control                                              
00006304  UARTMSP432_fxnTable                                             
000020b1  UARTMSP432_hwiIntFxn                                            
00003867  UARTMSP432_init                                                 
00000339  UARTMSP432_open                                                 
00004ac5  UARTMSP432_read                                                 
00004f61  UARTMSP432_readCancel                                           
00001e25  UARTMSP432_readPolling                                          
00002733  UARTMSP432_write                                                
000038e1  UARTMSP432_writeCancel                                          
00002525  UARTMSP432_writePolling                                         
00005b75  UART_Params_init                                                
00006668  UART_config                                                     
00006623  UART_count                                                      
00006378  UART_defaultParams                                              
00004935  UART_init                                                       
00001251  UART_initModule                                                 
[...]
00005d89  _pthread_cleanup_pop                                            
00005db9  ti_sysbios_hal_Hwi_Module_startup__E                            
00005dcb  xdc_runtime_Startup_exec__I                                     
00005ddd  HwiP_Params_init                                                
00005ded  PCM_gotoLPM4                                                    
00005dfd  PCM_setPowerMode                                                
00005e0d  PCM_setPowerState                                               
00005e1d  PowerMSP432_getNumPerfLevels                                    
00005e2d  SysCtl_A_getNMISourceStatus                                     
00005e3d  SysCtl_getNMISourceStatus                                       
00005e61  ti_sysbios_BIOS_exit__E                                         
00005e71  ti_sysbios_BIOS_setCpuFreq__E                                   
00005e81  ti_sysbios_BIOS_setThreadType__E                                
00005e91  ti_sysbios_BIOS_start__E                                        
00005ea1  ti_sysbios_family_arm_m3_TaskSupport_glue                       
00005eb1  ti_sysbios_family_arm_msp432_init_Boot_disableWatchdog          
00005ec1  ti_sysbios_gates_GateMutex_Instance_finalize__E                 
00005ed1  ti_sysbios_knl_Mailbox_Object__get__S                           
00005ee1  ti_sysbios_knl_Semaphore_Instance_finalize__E                   
00005ef1  ti_sysbios_knl_Swi_disable__E                                   
00005f01  ti_sysbios_knl_Task_Object__get__S                              
00005f11  ti_sysbios_knl_Task_disable__E                                  
00005f21  xdc_runtime_Gate_leaveSystem__E                                 
00005f31  xdc_runtime_Memory_free__E                                      
00005f41  xdc_runtime_SysCallback_abort__E                                
00005f41  xdc_runtime_System_SupportProxy_abort__E                        
00005f51  xdc_runtime_SysCallback_exit__E                                 
00005f51  xdc_runtime_System_SupportProxy_exit__E                         
00005f61  __TI_decompress_none                                            
00005f71  pthread_attr_setdetachstate                                     
00005f81  ti_sysbios_knl_Idle_loop__E                                     
00005f91  ti_sysbios_knl_Queue_empty__E                                   
00005f9f  Board_init                                                      
00005fab  CPU_cpsid                                                       
00005fb7  CPU_cpsie                                                       
00005fc3  ClockP_delete                                                   
00005fcf  HwiP_delete                                                     
00005fdd  Power_getConstraintMask                                         
00005fe9  Power_getPerformanceLevel                                       
00005ff5  SemaphoreP_delete                                               
00006001  _register_lock                                                  
0000600d  _register_unlock                                                
00006019  __TI_zero_init                                                  
00006029  pthread_self                                                    
00006035  ti_sysbios_family_arm_m3_Hwi_Params__init__S                    
00006035  ti_sysbios_hal_Hwi_HwiProxy_Params__init__S                     
00006041  ti_sysbios_family_arm_m3_Hwi_disableFxn__E                      
00006041  ti_sysbios_hal_Hwi_HwiProxy_disable__E                          
00006051  ti_sysbios_family_arm_m3_TaskSupport_getStackAlignment__E       
00006051  ti_sysbios_knl_Task_SupportProxy_getStackAlignment__E           
00006061  ti_sysbios_family_arm_msp432_Timer_getMaxTicks__E               
00006071  ti_sysbios_gates_GateHwi_enter__E                               
0000607d  ti_sysbios_knl_Clock_Params__init__S                            
00006089  ti_sysbios_knl_Queue_Object__get__S                             
00006095  ti_sysbios_knl_Semaphore_Params__init__S                        
000060a1  ti_sysbios_knl_Task_Params__init__S                             
000060b1  ti_sysbios_rts_ti_ReentSupport_taskRegHook__I                   
000060c1  xdc_runtime_Gate_enterSystem__E                                 
000060d1  xdc_runtime_Startup_rtsDone__E                                  
000060dd  ClockP_Params_init                                              
000060e7  PWM_setDuty                                                     
000060f1  PWM_start                                                       
000060fb  UART_read                                                       
00006105  UART_write                                                      
0000610f  xdc_runtime_Memory_HeapProxy_alloc__E                           
00006119  xdc_runtime_Memory_HeapProxy_free__E                            
00006123  SemaphoreP_Params_init                                          
00006131  pthread_attr_setstacksize                                       
00006141  ti_sysbios_family_arm_m3_Hwi_doSwiRestore__I                    
00006149  ti_sysbios_family_arm_m3_Hwi_startup__E                         
00006149  ti_sysbios_hal_Hwi_HwiProxy_startup__E                          
00006149  ti_sysbios_hal_Hwi_startup__E                                   
00006161  ti_sysbios_family_arm_m3_Hwi_doTaskRestore__I                   
00006169  HwiP_restore                                                    
00006169  ti_sysbios_family_arm_m3_Hwi_restoreFxn__E                      
00006169  ti_sysbios_hal_Hwi_HwiProxy_restore__E                          
00006171  ti_sysbios_gates_GateHwi_leave__E                               
00006179  ti_sysbios_heaps_HeapMem_isBlocking__E                          
00006181  ti_sysbios_knl_Clock_stop__E                                    
00006189  ti_sysbios_knl_Queue_Instance_init__E                           
00006191  ti_sysbios_knl_Swi_startup__E                                   
00006199  xdc_runtime_System_Module_startup__E                            
000061a1  ti_sysbios_gates_GateHwi_query__E                               
000061a1  xdc_runtime_Main_Module_GateProxy_query__E                      
000061a1  xdc_runtime_System_Module_GateProxy_query__E                    
000061a9  ti_sysbios_BIOS_RtsGateProxy_query__E                           
000061a9  ti_sysbios_gates_GateMutex_query__E                             
000061a9  ti_sysbios_heaps_HeapMem_Module_GateProxy_query__E              
000061b1  ti_sysbios_knl_Clock_setTimeout__E                              
000061b9  ti_sysbios_knl_Task_startup__E                                  
000061c1  ti_sysbios_BIOS_linkedWithIncorrectBootLibrary__E               
000061c9  ti_sysbios_gates_GateHwi_Instance_init__E                       
000061d1  ti_sysbios_knl_Clock_logTick__E                                 
000061d9  xdc_runtime_SysCallback_defaultAbort                            
000061e1  xdc_runtime_SysCallback_defaultExit                             
000061e9  xdc_runtime_System_abortSpin__E                                 
000061f1  xdc_runtime_System_exitSpin__E                                  
00006234  ti_sysbios_knl_Task_Object__PARAMS__C                           
00006270  PowerMSP432_config                                              
000062a8  ti_sysbios_family_arm_m3_Hwi_Object__PARAMS__C                  
00006304  UARTMSP432_fxnTable                                             
0000632c  ti_sysbios_heaps_HeapMem_Module__FXNS__C                        
00006354  PWMTimerMSP432_fxnTable                                         
00006378  UART_defaultParams                                              
0000639c  ti_sysbios_gates_GateHwi_Module__FXNS__C                        
000063c0  ti_sysbios_gates_GateMutex_Module__FXNS__C                      
000063e4  ti_sysbios_heaps_HeapMem_Object__PARAMS__C                      
00006408  ti_sysbios_knl_Clock_Object__PARAMS__C                          
0000642c  ti_sysbios_knl_Semaphore_Object__PARAMS__C                      
00006450  xdc_runtime_Startup_sfxnTab__A                                  
00006494  ti_sysbios_family_arm_m3_Hwi_Object__DESC__C                    
000064b4  ti_sysbios_gates_GateHwi_Object__DESC__C                        
000064d4  ti_sysbios_gates_GateMutex_Object__DESC__C                      
000064f4  ti_sysbios_heaps_HeapMem_Object__DESC__C                        
00006514  ti_sysbios_knl_Clock_Object__DESC__C                            
00006534  ti_sysbios_knl_Queue_Object__DESC__C                            
00006554  ti_sysbios_knl_Semaphore_Object__DESC__C                        
00006574  ti_sysbios_knl_Task_Object__DESC__C                             
00006594  PWM_defaultParams                                               
000065ac  ti_sysbios_gates_GateHwi_Object__PARAMS__C                      
000065c4  ti_sysbios_gates_GateMutex_Object__PARAMS__C                    
000065dc  ti_sysbios_knl_Queue_Object__PARAMS__C                          
000065f4  ti_sysbios_knl_Task_hooks__A                                    
00006622  PWM_count                                                       
00006623  UART_count                                                      
00006624  GPIOMSP432_config                                               
00006638  xdc_runtime_Startup_sfxnRts__A                                  
0000664a  ti_sysbios_family_arm_m3_Hwi_Module__id__C                      
0000665c  PWM_config                                                      
00006668  UART_config                                                     
00006674  xdc_runtime_Startup_firstFxns__A                                
00006680  pwmTimerMSP432HWAttrs                                           
00006688  ti_sysbios_knl_Idle_funcList__A                                 
00006690  ti_sysbios_knl_Idle_funcList__C                                 
00006698  ti_sysbios_knl_Task_hooks__C                                    
000066a0  xdc_runtime_Startup_firstFxns__C                                
000066a8  xdc_runtime_Startup_lastFxns__C                                 
000066c1  xdc_runtime_Error_policy__C                                     
000066c6  ti_sysbios_family_arm_msp432_init_Boot_bypassHFXT__C            
000066c8  ti_sysbios_family_arm_m3_Hwi_E_alreadyDefined__C                
000066cc  ti_sysbios_family_arm_m3_Hwi_E_badIntNum__C                     
000066d0  ti_sysbios_family_arm_m3_Hwi_NUM_INTERRUPTS__C                  
000066d4  ti_sysbios_family_arm_m3_Hwi_Object__count__C                   
000066d8  ti_sysbios_family_arm_m3_Hwi_ccr__C                             
000066dc  ti_sysbios_family_arm_m3_Hwi_excHandlerFunc__C                  
000066e0  ti_sysbios_family_arm_m3_Hwi_nullIsrFunc__C                     
000066e4  ti_sysbios_family_arm_m3_Hwi_priGroup__C                        
000066e8  ti_sysbios_family_arm_m3_Hwi_swiDisable__C                      
000066ec  ti_sysbios_family_arm_m3_Hwi_swiRestore__C                      
000066f0  ti_sysbios_family_arm_m3_TaskSupport_stackAlignment__C          
000066f4  ti_sysbios_family_arm_msp432_Timer_numTimerDevices__C           
000066f8  ti_sysbios_family_arm_msp432_Timer_startupNeeded__C             
000066fc  ti_sysbios_gates_GateMutex_Instance_State_sem__O                
00006700  ti_sysbios_heaps_HeapMem_E_memory__C                            
00006704  ti_sysbios_heaps_HeapMem_Module__gateObj__C                     
00006708  ti_sysbios_heaps_HeapMem_Object__count__C                       
0000670c  ti_sysbios_heaps_HeapMem_primaryHeapBaseAddr__C                 
00006710  ti_sysbios_heaps_HeapMem_primaryHeapEndAddr__C                  
00006714  ti_sysbios_heaps_HeapMem_reqAlign__C                            
00006718  ti_sysbios_knl_Clock_Module_State_clockQ__O                     
0000671c  ti_sysbios_knl_Clock_tickPeriod__C                              
00006720  ti_sysbios_knl_Mailbox_Instance_State_freeQue__O                
00006724  ti_sysbios_knl_Mailbox_Object__count__C                         
00006728  ti_sysbios_knl_Mailbox_maxTypeAlign__C                          
0000672c  ti_sysbios_knl_Semaphore_Instance_State_pendQ__O                
00006730  ti_sysbios_knl_Swi_Object__count__C                             
00006734  ti_sysbios_knl_Task_Module_State_inactiveQ__O                   
00006738  ti_sysbios_knl_Task_Object__count__C                            
0000673c  ti_sysbios_knl_Task_Object__heap__C                             
00006740  ti_sysbios_knl_Task_allBlockedFunc__C                           
00006744  ti_sysbios_knl_Task_defaultStackHeap__C                         
00006748  ti_sysbios_knl_Task_defaultStackSize__C                         
0000674c  ti_sysbios_knl_Task_numConstructedTasks__C                      
00006750  xdc_runtime_Error_E_memory__C                                   
00006754  xdc_runtime_Error_policyFxn__C                                  
00006758  xdc_runtime_IGateProvider_Interface__BASE__C                    
0000675c  xdc_runtime_IHeap_Interface__BASE__C                            
00006760  xdc_runtime_IModule_Interface__BASE__C                          
00006764  xdc_runtime_Memory_defaultHeapInstance__C                       
00006768  xdc_runtime_Startup_execImpl__C                                 
0000676c  xdc_runtime_Startup_maxPasses__C                                
00006770  xdc_runtime_Startup_sfxnRts__C                                  
00006774  xdc_runtime_Startup_sfxnTab__C                                  
00006778  xdc_runtime_SysCallback_abortFxn__C                             
0000677c  xdc_runtime_SysCallback_exitFxn__C                              
00006780  xdc_runtime_System_Module__gateObj__C                           
00006784  xdc_runtime_System_abortFxn__C                                  
00006788  xdc_runtime_System_exitFxn__C                                   
0000678c  xdc_runtime_System_maxAtexitHandlers__C                         
00006790  ti_sysbios_family_arm_msp432_init_Boot_bypassLFXT__C            
00006792  ti_sysbios_family_arm_msp432_init_Boot_enableHFXT__C            
00006794  ti_sysbios_family_arm_msp432_init_Boot_enableLFXT__C            
00006796  ti_sysbios_heaps_HeapMem_Module__id__C                          
00006798  xdc_runtime_Memory_Module__id__C                                
000067a0  __TI_static_base__                                              
000069b4  __TI_Handler_Table_Base                                         
000069c0  __TI_Handler_Table_Limit                                        
000069c8  __TI_CINIT_Base                                                 
000069d8  __TI_CINIT_Limit                                                
00008000  HEAPSIZE                                                        
20000000  __start___llvm_prf_cnts                                         
20000000  __stop___llvm_prf_cnts                                          
20000000  ti_sysbios_family_arm_m3_Hwi_ramVectors                         
20000140  __primary_heap_start__                                          
20008140  PowerMSP432_perfLevels                                          
20008140  __primary_heap_end__                                            
20008418  ti_sysbios_knl_Swi_Module_State_0_readyQ__A                     
20008498  ti_sysbios_knl_Task_Module_State_0_readyQ__A                    
20008518  ti_sysbios_gates_GateMutex_Object__table__V                     
2000856c  ti_sysbios_knl_Task_Object__table__V                            
200085b8  ti_sysbios_family_arm_msp432_Timer_Object__table__V             
200085fc  ti_sysbios_knl_Task_Module__state__V                            
20008640  ti_sysbios_family_arm_m3_Hwi_Module__state__V                   
20008674  ti_sysbios_knl_Swi_Object__table__V                             
200086a4  PowerMSP432_module                                              
200086d0  ti_sysbios_knl_Clock_Module__state__V                           
200086fc  ti_sysbios_BIOS_Module__state__V                                
20008720  ti_sysbios_family_arm_msp432_Timer_Module_State_0_device__A     
20008740  xdc_runtime_Error_IgnoreBlock                                   
20008760  ti_sysbios_knl_Swi_Module__state__V                             
2000877c  ti_sysbios_family_arm_m3_Hwi_Object__table__V                   
20008794  ti_sysbios_heaps_HeapMem_Object__table__V                       
200087ac  ti_sysbios_family_arm_msp432_Timer_Module_State_0_handles__A    
200087bc  ti_sysbios_family_arm_msp432_ClockFreqs_Module__state__V        
200087c8  ti_sysbios_family_arm_msp432_Timer_Module__state__V             
200087d4  _lock                                                           
200087d8  _unlock                                                         
200087dc  ti_sysbios_family_arm_m3_Hwi_Module__root__V                    
200087e4  ti_sysbios_gates_GateHwi_Module__root__V                        
200087ec  ti_sysbios_gates_GateMutex_Module__root__V                      
200087f4  ti_sysbios_heaps_HeapMem_Module__root__V                        
200087fc  ti_sysbios_knl_Clock_Module__root__V                            
20008804  ti_sysbios_knl_Queue_Module__root__V                            
2000880c  ti_sysbios_knl_Semaphore_Module__root__V                        
20008814  ti_sysbios_knl_Task_Module__root__V                             
2000881c  xdc_runtime_Startup_Module__state__V                            
20008824  xdc_runtime_System_Module_State_0_atexitHandlers__A             
2000882c  xdc_runtime_System_Module__state__V                             
20008834  gpioCallbackFunctions                                           
20008838  gpioPinConfigs                                                  
2000883c  main_func_sp                                                    
20008840  ti_sysbios_family_arm_m3_Hwi_Module_State_0_excContext__A       
20008844  ti_sysbios_family_arm_m3_Hwi_Module_State_0_excStack__A         
20008848  ti_sysbios_gates_GateHwi_Object__table__V                       
2000884c  ti_sysbios_knl_Task_Module_State_0_idleTask__A                  
20008850  ti_sysbios_rts_ti_ReentSupport_Module__state__V                 
20008854  xdc_runtime_Memory_Module__state__V                             
2000885a  ti_sysbios_family_arm_m3_Hwi_Module_State_0_excActive__A        
20008860  ti_sysbios_knl_Task_Instance_State_0_stack__A                   
20008a60  ti_sysbios_family_arm_m3_Hwi_dispatchTable                      
20008ca0  uartMSP432Objects                                               
20008d70  pwmTimerMSP432Objects                                           
20008d8c  ClockP_tickPeriod                                               
20008d90  ti_sysbios_knl_Task_Instance_State_0_hookEnv__A                 
2000fc00  __stack                                                         
20010000  __STACK_END                                                     
4000480c  WDTCTL_SYM                                                      
e000e000  ti_sysbios_family_arm_m3_Hwi_nvic                               
ffffffff  __TI_pprof_out_hndl                                             
ffffffff  __TI_prof_data_size                                             
ffffffff  __TI_prof_data_start                                            
ffffffff  __binit__                                                       
ffffffff  __c_args__                                                      
ffffffff  binit                                                           
UNDEFED   SHT$$INIT_ARRAY$$Base                                           
UNDEFED   SHT$$INIT_ARRAY$$Limit                                          

[546 symbols]
