******************************************************************************
                  TI ARM Linker Unix v20.2.0                   
******************************************************************************
>> Linked Sun Jun 14 17:12:57 2020

OUTPUT FILE NAME:   <test101.out>
ENTRY POINT SYMBOL: "_c_int00"  address: 00004399


MEMORY CONFIGURATION

         name            origin    length      used     unused   attr    fill
----------------------  --------  ---------  --------  --------  ----  --------
  MAIN                  00000000   00040000  00006e56  000391aa  R  X
  INFO                  00200000   00004000  00000000  00004000  R  X
  SRAM_CODE             01000000   00010000  00009196  00006e6a  RW X
  SRAM_DATA             20000000   00010000  00009196  00006e6a  RW  


SEGMENT ALLOCATION MAP

run origin  load origin   length   init length attrs members
----------  ----------- ---------- ----------- ----- -------
00000000    00000000    00006e60   00006e60    r-x
  00000000    00000000    0000003c   0000003c    r-- .resetVecs
  00000040    00000040    0000653a   0000653a    r-x .text
  0000657c    0000657c    000006a8   000006a8    r-- .const
  00006c28    00006c28    00000238   00000238    r-- .cinit
20000140    20000140    00008000   00000000    r--
  20000140    20000140    00008000   00000000    r-- .priheap
20008140    20008140    00000c5c   00000000    rw-
  20008140    20008140    00000722   00000000    rw- .data
  20008868    20008868    00000534   00000000    rw- .bss
2000fc00    2000fc00    00000400   00000000    rw-
  2000fc00    2000fc00    00000400   00000000    rw- .stack


SECTION ALLOCATION MAP

 output                                  attributes/
section   page    origin      length       input sections
--------  ----  ----------  ----------   ----------------
.text      0    00000040    0000653a     
                  00000040    000002f8     drivers_msp432p401x.aem4f : PowerMSP432.oem4f (.text:Power_sleep)
                  00000338    000002d0                               : UARTMSP432.oem4f (.text:UARTMSP432_open)
                  00000608    0000028a     msp432p4xx_driverlib.lib : pcm.o (.text:__PCM_setPowerStateAdvanced)
                  00000892    00000002     ti_drivers_config.obj (.text:Board_initHook)
                  00000894    00000288     drivers_msp432p401x.aem4f : PowerMSP432.oem4f (.text:initPerfControl)
                  00000b1c    00000208                               : PWMTimerMSP432.oem4f (.text:PWMTimerMSP432_open)
                  00000d24    00000170                               : GPIOMSP432.oem4f (.text:GPIO_setConfig)
                  00000e94    00000168     test101.obj (.text:mainThread)
                  00000ffc    0000015c     msp432p4xx_driverlib.lib : pcm.o (.text:__PCM_setPowerModeAdvanced)
                  00001158    0000014c     rtsv7M4_T_le_v4SPD16_eabi.lib : vla_alloc.c.obj (.text:__vla_alloc)
                  000012a4    00000004     msp432p4xx_driverlib.lib : cpu.o (.text:CPU_wfi)
                  000012a8    00000130     sysbios.aem4f : BIOS.obj (.text:ti_sysbios_knl_Semaphore_pend__E)
                  000013d8    0000011c     msp432p4xx_driverlib.lib : uart.o (.text:UART_initModule)
                  000014f4    00000114     drivers_msp432p401x.aem4f : PWMTimerMSP432.oem4f (.text:PWMTimerMSP432_setPeriod)
                  00001608    00000108     msp432p4xx_driverlib.lib : pcm.o (.text:__PCM_setCoreVoltageLevelAdvanced)
                  00001710    00000108     sysbios.aem4f : BIOS.obj (.text:ti_sysbios_knl_Task_postInit__I)
                  00001818    00000108                   : BIOS.obj (.text:xdc_runtime_Startup_startMods__I)
                  00001920    00000104                   : BIOS.obj (.text:ti_sysbios_knl_Task_Instance_finalize__E)
                  00001a24    00000004     dpl_msp432p401x.aem4f : ClockP_tirtos.oem4f (.text:ClockP_setTimeout)
                  00001a28    000000f8     sysbios.aem4f : BIOS.obj (.text:ti_sysbios_family_arm_msp432_init_Boot_configureClocksHigh)
                  00001b20    000000f0                   : BIOS.obj (.text:pthread_create)
                  00001c10    000000f0                   : m3_Hwi_asm.obj (.text:ti_sysbios_family_arm_m3_Hwi_dispatch__I)
                  00001d00    000000e4     msp432p4xx_driverlib.lib : cs.o (.text:CS_startHFXTWithTimeout)
                  00001de4    00000004     dpl_msp432p401x.aem4f : ClockP_tirtos.oem4f (.text:ClockP_start)
                  00001de8    000000e4     sysbios.aem4f : BIOS.obj (.text:ti_sysbios_knl_Task_Instance_init__E)
                  00001ecc    000000e0     msp432p4xx_driverlib.lib : cs.o (.text:CS_startLFXTWithTimeout)
                  00001fac    000000dc     drivers_msp432p401x.aem4f : UARTMSP432.oem4f (.text:UARTMSP432_readPolling)
                  00002088    000000dc     msp432p4xx_driverlib.lib : cs.o (.text:_CSGetHFXTFrequency)
                  00002164    00000004     dpl_msp432p401x.aem4f : ClockP_tirtos.oem4f (.text:ClockP_stop)
                  00002168    000000d0     sysbios.aem4f : BIOS.obj (.text:ti_sysbios_heaps_HeapMem_alloc__E)
                  00002238    000000ca     drivers_msp432p401x.aem4f : UARTMSP432.oem4f (.text:UARTMSP432_hwiIntFxn)
                  00002302    00000006                               : PWMTimerMSP432.oem4f (.text:PWMTimerMSP432_control)
                  00002308    000000c4     sysbios.aem4f : BIOS.obj (.text:ti_sysbios_knl_Task_sleep__E)
                  000023cc    000000b8     drivers_msp432p401x.aem4f : UARTMSP432.oem4f (.text:initHw)
                  00002484    000000b8                               : UARTMSP432.oem4f (.text:readTaskCallback)
                  0000253c    00000004     dpl_msp432p401x.aem4f : HwiP_tirtos.oem4f (.text:HwiP_disable)
                  00002540    000000b8     sysbios.aem4f : BIOS.obj (.text:ti_sysbios_family_arm_m3_Hwi_Instance_init__E)
                  000025f8    000000b4     drivers_msp432p401x.aem4f : UARTMSP432.oem4f (.text:UARTMSP432_control)
                  000026ac    000000b4                               : UARTMSP432.oem4f (.text:UARTMSP432_writePolling)
                  00002760    000000ac                               : GPIOMSP432.oem4f (.text:GPIO_init)
                  0000280c    00000004     dpl_msp432p401x.aem4f : SemaphoreP_tirtos.oem4f (.text:SemaphoreP_post)
                  00002810    000000aa     sysbios.aem4f : BIOS.obj (.text:xdc_runtime_Core_createObject__I)
                  000028ba    000000a8     drivers_msp432p401x.aem4f : UARTMSP432.oem4f (.text:UARTMSP432_write)
                  00002962    000000a8                               : UARTMSP432.oem4f (.text:readTaskBlocking)
                  00002a0a    00000006                               : PWMTimerMSP432.oem4f (.text:PWMTimerMSP432_setDutyAndPeriod)
                  00002a10    000000a8     sysbios.aem4f : BIOS.obj (.text:ti_sysbios_family_arm_msp432_Timer_periodicStub__E)
                  00002ab8    000000a4     drivers_msp432p401x.aem4f : PWMTimerMSP432.oem4f (.text:PWMTimerMSP432_stop)
                  00002b5c    00000004     rtsv7M4_T_le_v4SPD16_eabi.lib : error.c.obj (.text:__abort_execution)
                  00002b60    000000a4     sysbios.aem4f : BIOS.obj (.text:ti_sysbios_knl_Task_setPri__E)
                  00002c04    000000a0     auto_init.aem4f : auto_init.oem4f (.text)
                  00002ca4    000000a0     drivers_msp432p401x.aem4f : UARTMSP432.oem4f (.text:readIsrTextCallback)
                  00002d44    0000009c                               : PowerMSP432.oem4f (.text:Power_init)
                  00002de0    0000009c     rtsv7M4_T_le_v4SPD16_eabi.lib : memcpy_t2.asm.obj (.text)
                  00002e7c    00000096                                   : ull_div_t2.asm.obj (.text)
                  00002f12    00000002     drivers_msp432p401x.aem4f : PWMTimerMSP432.oem4f (.text:PWMTimerMSP432_init)
                  00002f14    00000094                               : PWMTimerMSP432.oem4f (.text:PWMTimerMSP432_setDuty)
                  00002fa8    00000094     sysbios.aem4f : BIOS.obj (.text:_pthread_removeThreadKeys)
                  0000303c    00000004     rtsv7M4_T_le_v4SPD16_eabi.lib : exit.c.obj (.text:abort:abort)
                  00003040    00000094     sysbios.aem4f : BIOS.obj (.text:ti_sysbios_family_arm_m3_Hwi_initNVIC__E)
                  000030d4    00000004     release_pem4f.oem4f (.text:ti_sysbios_BIOS_RtsGateProxy_enter__E)
                  000030d8    00000094     sysbios.aem4f : BIOS.obj (.text:ti_sysbios_knl_Task_exit__E)
                  0000316c    00000092     drivers_msp432p401x.aem4f : UARTMSP432.oem4f (.text:UARTMSP432_close)
                  000031fe    00000092                               : UARTMSP432.oem4f (.text:writeData)
                  00003290    00000090     sysbios.aem4f : BIOS.obj (.text:ti_sysbios_knl_Task_Module_startup__E)
                  00003320    0000008c     drivers_msp432p401x.aem4f : UARTMSP432.oem4f (.text:readIsrTextBlocking)
                  000033ac    0000008c     sysbios.aem4f : m3_TaskSupport_asm.obj (.text:ti_sysbios_family_arm_m3_TaskSupport_buildTaskStack)
                  00003438    0000008c                   : BIOS.obj (.text:xdc_runtime_Memory_alloc__E)
                  000034c4    00000088     drivers_msp432p401x.aem4f : PWMTimerMSP432.oem4f (.text:PWMTimerMSP432_close)
                  0000354c    00000004     release_pem4f.oem4f (.text:ti_sysbios_BIOS_RtsGateProxy_leave__E)
                  00003550    00000086     sysbios.aem4f : BIOS.obj (.text:xdc_runtime_Core_constructObject__I)
                  000035d6    00000002     dpl_msp432p401x.aem4f : PowerMSP432_tirtos.oem4f (.text:PowerMSP432_initPolicy)
                  000035d8    00000084     msp432p4xx_driverlib.lib : pcm.o (.text:PCM_gotoLPM3)
                  0000365c    00000084     drivers_msp432p401x.aem4f : PWMTimerMSP432.oem4f (.text:PWMTimerMSP432_start)
                  000036e0    00000084                               : PowerMSP432.oem4f (.text:restartHFXT)
                  00003764    00000004     release_pem4f.oem4f (.text:ti_sysbios_family_arm_m3_Hwi_delete)
                  00003768    00000084     sysbios.aem4f : BIOS.obj (.text:ti_sysbios_family_arm_m3_Hwi_postInit__I)
                  000037ec    00000004     release_pem4f.oem4f (.text:ti_sysbios_family_arm_m3_TaskSupport_Module__startupDone__S)
                  000037f0    00000084     sysbios.aem4f : BIOS.obj (.text:ti_sysbios_heaps_HeapMem_free__E)
                  00003874    00000004     release_pem4f.oem4f (.text:ti_sysbios_heaps_HeapMem_Module_GateProxy_enter__E)
                  00003878    00000080     sysbios.aem4f : BIOS.obj (.text:ti_sysbios_knl_Clock_workFunc__E)
                  000038f8    0000007c     drivers_msp432p401x.aem4f : PWMTimerMSP432.oem4f (.text:setConstraints)
                  00003974    0000007a     rtsv7M4_T_le_v4SPD16_eabi.lib : memset_t2.asm.obj (.text)
                  000039ee    00000002     drivers_msp432p401x.aem4f : UARTMSP432.oem4f (.text:UARTMSP432_init)
                  000039f0    00000078                               : TimerMSP432.oem4f (.text:TimerMSP432_allocateTimerResource)
                  00003a68    00000078     rtsv7M4_T_le_v4SPD16_eabi.lib : vla_alloc.c.obj (.text:_ZN33_INTERNAL_11_vla_alloc_c_be8bd49b21free_dead_allocationsEPv)
                  00003ae0    00000070     drivers_msp432p401x.aem4f : UARTMSP432.oem4f (.text:UARTMSP432_writeCancel)
                  00003b50    00000070     rtsv7M4_T_le_v4SPD16_eabi.lib : vla_alloc.c.obj (.text:__vla_dealloc)
                  00003bc0    00000070     sysbios.aem4f : BIOS.obj (.text:ti_sysbios_heaps_HeapMem_initPrimary__I)
                  00003c30    0000006c                   : BIOS.obj (.text:ti_sysbios_knl_Swi_restoreHwi__E)
                  00003c9c    0000006a     drivers_msp432p401x.aem4f : PWMTimerMSP432.oem4f (.text:perfChangeNotifyFxn)
                  00003d06    00000002     rtsv7M4_T_le_v4SPD16_eabi.lib : _lock.c.obj (.text:_nop)
                  00003d08    00000068     drivers_msp432p401x.aem4f : GPIOMSP432.oem4f (.text:GPIO_hwiIntFxn)
                  00003d70    00000068                               : PowerMSP432.oem4f (.text:PowerMSP432_getFreqs)
                  00003dd8    00000068     rtsv7M4_T_le_v4SPD16_eabi.lib : copy_decompress_lzss.c.obj (.text:decompress:lzss:__TI_decompress_lzss)
                  00003e40    00000068     drivers_msp432p401x.aem4f : PWMTimerMSP432.oem4f (.text:initHw)
                  00003ea8    00000066     sysbios.aem4f : BIOS.obj (.text:xdc_runtime_Core_deleteObject__I)
                  00003f0e    00000002     rtsv7M4_T_le_v4SPD16_eabi.lib : div0.asm.obj (.text)
                  00003f10    00000064     main_tirtos.obj (.text:main)
                  00003f74    00000004     release_pem4f.oem4f (.text:ti_sysbios_heaps_HeapMem_Module_GateProxy_leave__E)
                  00003f78    00000064     sysbios.aem4f : BIOS.obj (.text:pthread_exit)
                  00003fdc    00000004     release_pem4f.oem4f (.text:ti_sysbios_knl_Clock_TimerProxy_getMaxTicks__E)
                  00003fe0    00000064     sysbios.aem4f : BIOS.obj (.text:ti_sysbios_family_arm_m3_Hwi_dispatchC__I)
                  00004044    00000060     drivers_msp432p401x.aem4f : GPIOMSP432.oem4f (.text:GPIO_setCallback)
                  000040a4    00000004     release_pem4f.oem4f (.text:ti_sysbios_knl_Clock_delete)
                  000040a8    00000060     sysbios.aem4f : BIOS.obj (.text:ti_sysbios_knl_Semaphore_post__E)
                  00004108    00000060                   : BIOS.obj (.text:ti_sysbios_knl_Swi_run__I)
                  00004168    0000005e     msp432p4xx_driverlib.lib : pcm.o (.text:PCM_getCoreVoltageLevel)
                  000041c6    00000002     release_pem4f.oem4f (.text:ti_sysbios_BIOS_nullFunc__I)
                  000041c8    0000005c     sysbios.aem4f : BIOS.obj (.text:ti_sysbios_knl_Swi_schedule__I)
                  00004224    00000004     release_pem4f.oem4f (.text:ti_sysbios_knl_Semaphore_delete)
                  00004228    0000005c     sysbios.aem4f : BIOS.obj (.text:ti_sysbios_knl_Task_startCore__E)
                  00004284    00000004     release_pem4f.oem4f (.text:ti_sysbios_knl_Task_delete)
                  00004288    0000005c     sysbios.aem4f : BIOS.obj (.text:xdc_runtime_Startup_exec__E)
                  000042e4    0000005a     msp432p4xx_driverlib.lib : pcm.o (.text:PCM_getPowerMode)
                  0000433e    00000002     --HOLE-- [fill = 0]
                  00004340    00000058     drivers_msp432p401x.aem4f : GPIOMSP432.oem4f (.text:GPIO_write)
                  00004398    00000058     boot.aem4f : boot.oem4f (.text)
                  000043f0    00000058     drivers_msp432p401x.aem4f : UARTMSP432.oem4f (.text:readIsrBinaryBlocking)
                  00004448    00000058     sysbios.aem4f : m3_Hwi_asm_switch.obj (.text:ti_sysbios_family_arm_m3_Hwi_initStacks__E)
                  000044a0    00000054     msp432p4xx_driverlib.lib : pcm.o (.text:PCM_shutdownDevice)
                  000044f4    00000054     drivers_msp432p401x.aem4f : TimerMSP432.oem4f (.text:TimerMSP432_freeTimerResource)
                  00004548    00000054     release_pem4f.oem4f (.text:ti_sysbios_family_arm_m3_Hwi_create)
                  0000459c    00000004     release_pem4f.oem4f (.text:xdc_runtime_System_Module_GateProxy_enter__E)
                  000045a0    00000054     sysbios.aem4f : BIOS.obj (.text:ti_sysbios_family_arm_msp432_Timer_initDevice__I)
                  000045f4    00000052     test101.obj (.text:strTonum)
                  00004646    00000002     --HOLE-- [fill = 0]
                  00004648    00000050     dpl_msp432p401x.aem4f : ClockP_tirtos.oem4f (.text:ClockP_create)
                  00004698    00000050     sysbios.aem4f : BIOS.obj (.text:ti_sysbios_family_arm_m3_Hwi_Module_startup__E)
                  000046e8    00000050     release_pem4f.oem4f (.text:ti_sysbios_knl_Task_create)
                  00004738    0000004c     dpl_msp432p401x.aem4f : PowerMSP432_tirtos.oem4f (.text:PowerMSP432_sleepPolicy)
                  00004784    0000004c     rtsv7M4_T_le_v4SPD16_eabi.lib : atoi.c.obj (.text:atoi)
                  000047d0    0000004c                                   : cpy_tbl.c.obj (.text:copy_in)
                  0000481c    0000004c     drivers_msp432p401x.aem4f : UARTMSP432.oem4f (.text:readIsrBinaryCallback)
                  00004868    0000004c     sysbios.aem4f : BIOS.obj (.text:ti_sysbios_family_arm_msp432_Timer_postInit__I)
                  000048b4    00000004     release_pem4f.oem4f (.text:xdc_runtime_System_Module_GateProxy_leave__E)
                  000048b8    0000004c     sysbios.aem4f : BIOS.obj (.text:ti_sysbios_family_arm_msp432_Timer_start__E)
                  00004904    00000004     --HOLE-- [fill = 0]
                  00004908    0000004c                   : BIOS.obj (.text:ti_sysbios_heaps_HeapMem_getStats__E)
                  00004954    00000004     --HOLE-- [fill = 0]
                  00004958    0000004c                   : BIOS.obj (.text:ti_sysbios_knl_Swi_runLoop__I)
                  000049a4    00000004     --HOLE-- [fill = 0]
                  000049a8    0000004c                   : BIOS.obj (.text:ti_sysbios_knl_Task_allBlockedFunction__I)
                  000049f4    00000004     --HOLE-- [fill = 0]
                  000049f8    0000004c                   : BIOS.obj (.text:ti_sysbios_knl_Task_schedule__I)
                  00004a44    00000048     drivers_msp432p401x.aem4f : PowerMSP432.oem4f (.text:Power_releaseConstraint)
                  00004a8c    00000004     --HOLE-- [fill = 0]
                  00004a90    00000048     sysbios.aem4f : BIOS.obj (.text:ti_sysbios_family_arm_m3_Hwi_disableInterrupt__E)
                  00004ad8    00000048                   : BIOS.obj (.text:ti_sysbios_family_arm_m3_Hwi_enableInterrupt__E)
                  00004b20    00000048                   : BIOS.obj (.text:ti_sysbios_knl_Mailbox_Module_startup__E)
                  00004b68    00000048                   : BIOS.obj (.text:xdc_runtime_Core_assignParams__I)
                  00004bb0    00000046     drivers_msp432p401x.aem4f : RingBuf.oem4f (.text:RingBuf_put)
                  00004bf6    00000002     --HOLE-- [fill = 0]
                  00004bf8    00000044                               : PWM.oem4f (.text:PWM_init)
                  00004c3c    00000044                               : UART.oem4f (.text:UART_init)
                  00004c80    00000044     sysbios.aem4f : BIOS.obj (.text:ti_sysbios_family_arm_m3_Hwi_getStackInfo__E)
                  00004cc4    00000004     --HOLE-- [fill = 0]
                  00004cc8    00000044                   : BIOS.obj (.text:ti_sysbios_knl_Swi_post__E)
                  00004d0c    00000040     dpl_msp432p401x.aem4f : HwiP_tirtos.oem4f (.text:HwiP_create)
                  00004d4c    00000040     drivers_msp432p401x.aem4f : PWM.oem4f (.text:PWM_open)
                  00004d8c    00000040                               : RingBuf.oem4f (.text:RingBuf_get)
                  00004dcc    00000040                               : UARTMSP432.oem4f (.text:UARTMSP432_read)
                  00004e0c    00000040                               : UART.oem4f (.text:UART_open)
                  00004e4c    00000040                               : PWMTimerMSP432.oem4f (.text:getDutyCounts)
                  00004e8c    00000040                               : PWMTimerMSP432.oem4f (.text:getPeriodCounts)
                  00004ecc    00000040                               : UARTMSP432.oem4f (.text:perfChangeNotifyFxn)
                  00004f0c    00000004     --HOLE-- [fill = 0]
                  00004f10    00000040     sysbios.aem4f : BIOS.obj (.text:ti_sysbios_family_arm_msp432_Timer_Module_startup__E)
                  00004f50    00000040                   : BIOS.obj (.text:ti_sysbios_family_arm_msp432_Timer_startup__E)
                  00004f90    00000040                   : BIOS.obj (.text:ti_sysbios_heaps_HeapMem_Instance_init__E)
                  00004fd0    00000040                   : BIOS.obj (.text:ti_sysbios_knl_Clock_Instance_init__E)
                  00005010    0000003e     release_pem4f.oem4f (.text:realloc)
                  0000504e    00000002     --HOLE-- [fill = 0]
                  00005050    0000003c     dpl_msp432p401x.aem4f : SemaphoreP_tirtos.oem4f (.text:SemaphoreP_create)
                  0000508c    00000004     --HOLE-- [fill = 0]
                  00005090    0000003c     sysbios.aem4f : BIOS.obj (.text:sleep)
                  000050cc    00000004     --HOLE-- [fill = 0]
                  000050d0    0000003c                   : BIOS.obj (.text:ti_sysbios_family_arm_m3_Hwi_Instance_finalize__E)
                  0000510c    00000004     --HOLE-- [fill = 0]
                  00005110    0000003c                   : BIOS.obj (.text:ti_sysbios_family_arm_msp432_Seconds_Module_startup__E)
                  0000514c    0000003c     release_pem4f.oem4f (.text:ti_sysbios_knl_Clock_create)
                  00005188    0000003c     sysbios.aem4f : BIOS.obj (.text:ti_sysbios_knl_Swi_restore__E)
                  000051c4    00000038     drivers_msp432p401x.aem4f : GPIOMSP432.oem4f (.text:GPIO_toggle)
                  000051fc    00000038                               : PowerMSP432.oem4f (.text:Power_setConstraint)
                  00005234    00000038                               : PowerMSP432.oem4f (.text:notify)
                  0000526c    00000004     --HOLE-- [fill = 0]
                  00005270    00000038     sysbios.aem4f : BIOS.obj (.text:xdc_runtime_System_atexit__E)
                  000052a8    00000036     drivers_msp432p401x.aem4f : UARTMSP432.oem4f (.text:UARTMSP432_readCancel)
                  000052de    00000002     --HOLE-- [fill = 0]
                  000052e0    00000034     release_pem4f.oem4f (.text:ti_sysbios_knl_Semaphore_create)
                  00005314    00000004     --HOLE-- [fill = 0]
                  00005318    00000032     sysbios.aem4f : BIOS.obj (.text:ti_sysbios_hal_Hwi_initStack)
                  0000534a    00000002     --HOLE-- [fill = 0]
                  0000534c    00000030     drivers_msp432p401x.aem4f : PWMTimerMSP432.oem4f (.text:mapPin)
                  0000537c    00000030                               : UARTMSP432.oem4f (.text:mapPin)
                  000053ac    00000030     release_pem4f.oem4f (.text:ti_sysbios_BIOS_atExitFunc__I)
                  000053dc    00000030     release_pem4f.oem4f (.text:ti_sysbios_BIOS_startFunc__I)
                  0000540c    00000004     --HOLE-- [fill = 0]
                  00005410    00000030     sysbios.aem4f : BIOS.obj (.text:ti_sysbios_family_arm_m3_TaskSupport_start__E)
                  00005440    00000030     release_pem4f.oem4f (.text:ti_sysbios_gates_GateHwi_Object__create__S)
                  00005470    00000030     release_pem4f.oem4f (.text:ti_sysbios_gates_GateMutex_Object__create__S)
                  000054a0    00000030     sysbios.aem4f : BIOS.obj (.text:ti_sysbios_gates_GateMutex_enter__E)
                  000054d0    00000030     release_pem4f.oem4f (.text:ti_sysbios_heaps_HeapMem_Object__create__S)
                  00005500    00000030     sysbios.aem4f : BIOS.obj (.text:ti_sysbios_knl_Mailbox_postInit__I)
                  00005530    00000030     release_pem4f.oem4f (.text:ti_sysbios_knl_Semaphore_construct)
                  00005560    00000030     sysbios.aem4f : BIOS.obj (.text:ti_sysbios_knl_Semaphore_pendTimeout__I)
                  00005590    00000030                   : BIOS.obj (.text:ti_sysbios_knl_Task_processVitalTaskFlag__I)
                  000055c0    00000030                   : BIOS.obj (.text:ti_sysbios_knl_Task_restore__E)
                  000055f0    00000030                   : BIOS.obj (.text:ti_sysbios_knl_Task_unblockI__E)
                  00005620    00000030                   : BIOS.obj (.text:xdc_runtime_System_processAtExit__E)
                  00005650    0000002e                   : BIOS.obj (.text:pthread_setcancelstate)
                  0000567e    0000002e     release_pem4f.oem4f (.text:ti_sysbios_rts_MemAlloc_alloc)
                  000056ac    0000002c     dpl_msp432p401x.aem4f : PowerMSP432_tirtos.oem4f (.text:PowerMSP432_updateFreqs)
                  000056d8    0000002c     msp432p4xx_driverlib.lib : rtc_c.o (.text:RTC_C_holdClock)
                  00005704    0000002c     dpl_msp432p401x.aem4f : SemaphoreP_tirtos.oem4f (.text:SemaphoreP_createBinary)
                  00005730    0000002c     sysbios.aem4f : BIOS.obj (.text:_pthread_cleanupFxn)
                  0000575c    00000004     --HOLE-- [fill = 0]
                  00005760    0000002c                   : BIOS.obj (.text:_pthread_delete$43)
                  0000578c    0000002c     release_pem4f.oem4f (.text:ti_sysbios_gates_GateHwi_Handle__label__S)
                  000057b8    0000002c     release_pem4f.oem4f (.text:ti_sysbios_gates_GateMutex_Handle__label__S)
                  000057e4    0000002c     release_pem4f.oem4f (.text:ti_sysbios_heaps_HeapMem_Handle__label__S)
                  00005810    0000002c     release_pem4f.oem4f (.text:ti_sysbios_knl_Clock_doTick__I)
                  0000583c    0000002c     release_pem4f.oem4f (.text:ti_sysbios_knl_Queue_construct)
                  00005868    00000028     msp432p4xx_driverlib.lib : pcm.o (.text:PCM_gotoLPM0)
                  00005890    00000028     drivers_msp432p401x.aem4f : PowerMSP432.oem4f (.text:Power_registerNotify)
                  000058b8    00000028                               : PowerMSP432.oem4f (.text:disableFaultCounter)
                  000058e0    00000028                               : PowerMSP432.oem4f (.text:disableHFXT)
                  00005908    00000028                               : UARTMSP432.oem4f (.text:findBaudDividerIndex)
                  00005930    00000028     sysbios.aem4f : m3_Hwi_asm.obj (.text:ti_sysbios_family_arm_m3_Hwi_excHandlerAsm__I)
                  00005958    00000028                   : BIOS.obj (.text:ti_sysbios_knl_Clock_addI__E)
                  00005980    00000028                   : BIOS.obj (.text:ti_sysbios_knl_Swi_Module_startup__E)
                  000059a8    00000026     drivers_msp432p401x.aem4f : List.oem4f (.text:List_put)
                  000059ce    00000026                               : List.oem4f (.text:List_remove)
                  000059f4    00000026                               : PWMTimerMSP432.oem4f (.text:releaseConstraints)
                  00005a1a    00000026     sysbios.aem4f : m3_Hwi_asm.obj (.text:ti_sysbios_family_arm_m3_Hwi_pendSV__I)
                  00005a40    00000024     msp432p4xx_driverlib.lib : wdt_a.o (.text:WDT_A_holdTimer)
                  00005a64    00000004     --HOLE-- [fill = 0]
                  00005a68    00000024     sysbios.aem4f : BIOS.obj (.text:pthread_attr_init)
                  00005a8c    00000024     release_pem4f.oem4f (.text:ti_sysbios_BIOS_registerRTSLock__I)
                  00005ab0    00000024     release_pem4f.oem4f (.text:ti_sysbios_BIOS_removeRTSLock__I)
                  00005ad4    00000004     --HOLE-- [fill = 0]
                  00005ad8    00000024     sysbios.aem4f : BIOS.obj (.text:ti_sysbios_family_arm_msp432_ClockFreqs_setFrequency__E)
                  00005afc    00000024     release_pem4f.oem4f (.text:ti_sysbios_gates_GateMutex_Object__delete__S)
                  00005b20    00000024     sysbios.aem4f : BIOS.obj (.text:ti_sysbios_knl_Clock_Module_startup__E)
                  00005b44    00000024     release_pem4f.oem4f (.text:ti_sysbios_knl_Clock_Object__delete__S)
                  00005b68    00000024     sysbios.aem4f : BIOS.obj (.text:ti_sysbios_knl_Clock_start__E)
                  00005b8c    00000004     --HOLE-- [fill = 0]
                  00005b90    00000024                   : BIOS.obj (.text:ti_sysbios_knl_Semaphore_Instance_init__E)
                  00005bb4    00000024     release_pem4f.oem4f (.text:ti_sysbios_knl_Semaphore_Object__delete__S)
                  00005bd8    00000024     sysbios.aem4f : BIOS.obj (.text:ti_sysbios_knl_Task_restoreHwi__E)
                  00005bfc    00000004     --HOLE-- [fill = 0]
                  00005c00    00000024                   : BIOS.obj (.text:xdc_runtime_Error_policyMin__E)
                  00005c24    00000020     msp432p4xx_driverlib.lib : cs.o (.text:CS_setExternalClockSourceFrequency)
                  00005c44    00000020     drivers_msp432p401x.aem4f : PowerMSP432.oem4f (.text:Power_unregisterNotify)
                  00005c64    00000020                               : RingBuf.oem4f (.text:RingBuf_peek)
                  00005c84    00000020     release_pem4f.oem4f (.text:ti_sysbios_BIOS_rtsLock__I)
                  00005ca4    00000020     release_pem4f.oem4f (.text:ti_sysbios_family_arm_m3_Hwi_Object__delete__S)
                  00005cc4    00000020     release_pem4f.oem4f (.text:ti_sysbios_gates_GateHwi_Object__delete__S)
                  00005ce4    00000020     release_pem4f.oem4f (.text:ti_sysbios_heaps_HeapMem_Object__delete__S)
                  00005d04    00000004     --HOLE-- [fill = 0]
                  00005d08    00000020     sysbios.aem4f : BIOS.obj (.text:ti_sysbios_knl_Idle_run__E)
                  00005d28    00000020     release_pem4f.oem4f (.text:ti_sysbios_knl_Semaphore_destruct)
                  00005d48    00000020     release_pem4f.oem4f (.text:ti_sysbios_knl_Task_Object__delete__S)
                  00005d68    0000001e     drivers_msp432p401x.aem4f : PWMTimerMSP432.oem4f (.text:corroboratePeriod)
                  00005d86    0000001e     sysbios.aem4f : m3_Hwi_asm_switch.obj (.text:ti_sysbios_family_xxx_Hwi_switchAndRunFunc)
                  00005da4    00000004     --HOLE-- [fill = 0]
                  00005da8    0000001c                   : BIOS.obj (.text:ti_sysbios_family_arm_m3_Hwi_excHandler__I)
                  00005dc4    00000004     --HOLE-- [fill = 0]
                  00005dc8    0000001c                   : BIOS.obj (.text:ti_sysbios_gates_GateMutex_Instance_init__E)
                  00005de4    00000004     --HOLE-- [fill = 0]
                  00005de8    0000001c                   : BIOS.obj (.text:ti_sysbios_knl_Clock_Instance_finalize__E)
                  00005e04    0000001c     release_pem4f.oem4f (.text:ti_sysbios_knl_Queue_destruct)
                  00005e20    0000001c     sysbios.aem4f : BIOS.obj (.text:ti_sysbios_knl_Queue_put__E)
                  00005e3c    00000004     --HOLE-- [fill = 0]
                  00005e40    0000001c                   : BIOS.obj (.text:ti_sysbios_knl_Task_enter__I)
                  00005e5c    00000004     --HOLE-- [fill = 0]
                  00005e60    0000001c                   : BIOS.obj (.text:xdc_runtime_Memory_valloc__E)
                  00005e7c    00000004     --HOLE-- [fill = 0]
                  00005e80    0000001c                   : BIOS.obj (.text:xdc_runtime_System_abort__E)
                  00005e9c    0000001a     release_pem4f.oem4f (.text:free)
                  00005eb6    00000002     --HOLE-- [fill = 0]
                  00005eb8    00000018     release_pem4f.oem4f (.text:.bootCodeSection:ti_sysbios_family_arm_msp432_init_Boot_init__I)
                  00005ed0    00000018     msp432p4xx_driverlib.lib : sysctl_a.o (.text:SysCtl_A_disableNMISource)
                  00005ee8    00000018                              : sysctl_a.o (.text:SysCtl_A_enableNMISource)
                  00005f00    00000018     drivers_msp432p401x.aem4f : UART.oem4f (.text:UART_Params_init)
                  00005f18    00000018     rtsv7M4_T_le_v4SPD16_eabi.lib : args_main.c.obj (.text:_args_main)
                  00005f30    00000018     drivers_msp432p401x.aem4f : PWMTimerMSP432.oem4f (.text:corroborateDuty)
                  00005f48    00000018     release_pem4f.oem4f (.text:ti_sysbios_BIOS_rtsUnlock__I)
                  00005f60    00000018     release_pem4f.oem4f (.text:ti_sysbios_family_arm_m3_Hwi_Module__startupDone__F)
                  00005f78    00000018     sysbios.aem4f : m3_TaskSupport_asm.obj (.text:ti_sysbios_family_arm_m3_TaskSupport_swap__E)
                  00005f90    00000018     release_pem4f.oem4f (.text:ti_sysbios_family_arm_msp432_Timer_Module__startupDone__F)
                  00005fa8    00000018     sysbios.aem4f : BIOS.obj (.text:ti_sysbios_gates_GateMutex_leave__E)
                  00005fc0    00000018                   : BIOS.obj (.text:ti_sysbios_knl_Task_sleepTimeout__I)
                  00005fd8    00000018                   : BIOS.obj (.text:xdc_runtime_Error_init__E)
                  00005ff0    00000018                   : BIOS.obj (.text:xdc_runtime_System_exit__E)
                  00006008    00000016     release_pem4f.oem4f (.text:ti_sysbios_BIOS_exitFunc__I)
                  0000601e    00000002     --HOLE-- [fill = 0]
                  00006020    00000016     sysbios.aem4f : BIOS.obj (.text:ti_sysbios_knl_Task_unblock__E)
                  00006036    00000002     --HOLE-- [fill = 0]
                  00006038    00000014     msp432p4xx_driverlib.lib : pcm.o (.text:PCM_getPowerState)
                  0000604c    00000014     drivers_msp432p401x.aem4f : PWM.oem4f (.text:PWM_Params_init)
                  00006060    00000014                               : PowerMSP432.oem4f (.text:Power_idleFunc)
                  00006074    00000014                               : UARTMSP432.oem4f (.text:clearTXCPTIFG)
                  00006088    00000014     sysbios.aem4f : BIOS.obj (.text:pthread_attr_setschedparam)
                  0000609c    00000014     release_pem4f.oem4f (.text:ti_sysbios_family_arm_m3_Hwi_Object__get__S)
                  000060b0    00000014     sysbios.aem4f : BIOS.obj (.text:ti_sysbios_family_arm_m3_Hwi_switchFromBootStack__E)
                  000060c4    00000014     release_pem4f.oem4f (.text:ti_sysbios_heaps_HeapMem_Object__get__S)
                  000060d8    00000014     release_pem4f.oem4f (.text:ti_sysbios_knl_Swi_Object__get__S)
                  000060ec    00000012     drivers_msp432p401x.aem4f : RingBuf.oem4f (.text:RingBuf_construct)
                  000060fe    00000012     dpl_msp432p401x.aem4f : SemaphoreP_tirtos.oem4f (.text:SemaphoreP_pend)
                  00006110    00000012     sysbios.aem4f : BIOS.obj (.text:_pthread_cleanup_pop)
                  00006122    00000006     --HOLE-- [fill = 0]
                  00006128    00000012                   : BIOS.obj (.text:_pthread_runStub$43)
                  0000613a    00000006     --HOLE-- [fill = 0]
                  00006140    00000012                   : BIOS.obj (.text:ti_sysbios_hal_Hwi_Module_startup__E)
                  00006152    00000012     release_pem4f.oem4f (.text:xdc_runtime_Startup_exec__I)
                  00006164    00000010     dpl_msp432p401x.aem4f : HwiP_tirtos.oem4f (.text:HwiP_Params_init)
                  00006174    00000010     msp432p4xx_driverlib.lib : pcm.o (.text:PCM_gotoLPM4)
                  00006184    00000010                              : pcm.o (.text:PCM_setPowerMode)
                  00006194    00000010                              : pcm.o (.text:PCM_setPowerState)
                  000061a4    00000010     drivers_msp432p401x.aem4f : PowerMSP432.oem4f (.text:PowerMSP432_getNumPerfLevels)
                  000061b4    00000010     msp432p4xx_driverlib.lib : sysctl_a.o (.text:SysCtl_A_getNMISourceStatus)
                  000061c4    00000010                              : sysctl.o (.text:SysCtl_getNMISourceStatus)
                  000061d4    00000010     drivers_msp432p401x.aem4f : UARTMSP432.oem4f (.text:readBlockingTimeout)
                  000061e4    00000004     --HOLE-- [fill = 0]
                  000061e8    00000010     sysbios.aem4f : BIOS.obj (.text:ti_sysbios_BIOS_exit__E)
                  000061f8    00000010                   : BIOS.obj (.text:ti_sysbios_BIOS_setCpuFreq__E)
                  00006208    00000010                   : BIOS.obj (.text:ti_sysbios_BIOS_setThreadType__E)
                  00006218    00000010                   : BIOS.obj (.text:ti_sysbios_BIOS_start__E)
                  00006228    00000010                   : m3_TaskSupport_asm.obj (.text:ti_sysbios_family_arm_m3_TaskSupport_glue)
                  00006238    00000010                   : BIOS.obj (.text:ti_sysbios_family_arm_msp432_init_Boot_disableWatchdog)
                  00006248    00000010                   : BIOS.obj (.text:ti_sysbios_gates_GateMutex_Instance_finalize__E)
                  00006258    00000010     release_pem4f.oem4f (.text:ti_sysbios_knl_Mailbox_Object__get__S)
                  00006268    00000010     sysbios.aem4f : BIOS.obj (.text:ti_sysbios_knl_Semaphore_Instance_finalize__E)
                  00006278    00000010                   : BIOS.obj (.text:ti_sysbios_knl_Swi_disable__E)
                  00006288    00000010     release_pem4f.oem4f (.text:ti_sysbios_knl_Task_Object__get__S)
                  00006298    00000010     sysbios.aem4f : BIOS.obj (.text:ti_sysbios_knl_Task_disable__E)
                  000062a8    00000010                   : BIOS.obj (.text:xdc_runtime_Gate_leaveSystem__E)
                  000062b8    00000010                   : BIOS.obj (.text:xdc_runtime_Memory_free__E)
                  000062c8    00000010                   : BIOS.obj (.text:xdc_runtime_SysCallback_abort__E)
                  000062d8    00000010                   : BIOS.obj (.text:xdc_runtime_SysCallback_exit__E)
                  000062e8    0000000e     rtsv7M4_T_le_v4SPD16_eabi.lib : copy_decompress_none.c.obj (.text:decompress:none:__TI_decompress_none)
                  000062f6    00000002     --HOLE-- [fill = 0]
                  000062f8    0000000e     sysbios.aem4f : BIOS.obj (.text:pthread_attr_setdetachstate)
                  00006306    00000002     --HOLE-- [fill = 0]
                  00006308    0000000e                   : BIOS.obj (.text:ti_sysbios_knl_Idle_loop__E)
                  00006316    00000002     --HOLE-- [fill = 0]
                  00006318    0000000e                   : BIOS.obj (.text:ti_sysbios_knl_Queue_empty__E)
                  00006326    0000000c     ti_drivers_config.obj (.text:Board_init)
                  00006332    0000000c     msp432p4xx_driverlib.lib : cpu.o (.text:CPU_cpsid)
                  0000633e    0000000c                              : cpu.o (.text:CPU_cpsie)
                  0000634a    0000000c     dpl_msp432p401x.aem4f : ClockP_tirtos.oem4f (.text:ClockP_delete)
                  00006356    0000000c                           : HwiP_tirtos.oem4f (.text:HwiP_delete)
                  00006362    00000002     --HOLE-- [fill = 0]
                  00006364    0000000c     drivers_msp432p401x.aem4f : PowerMSP432.oem4f (.text:Power_getConstraintMask)
                  00006370    0000000c                               : PowerMSP432.oem4f (.text:Power_getPerformanceLevel)
                  0000637c    0000000c     dpl_msp432p401x.aem4f : SemaphoreP_tirtos.oem4f (.text:SemaphoreP_delete)
                  00006388    0000000c     rtsv7M4_T_le_v4SPD16_eabi.lib : _lock.c.obj (.text:_register_lock)
                  00006394    0000000c                                   : _lock.c.obj (.text:_register_unlock)
                  000063a0    0000000c                                   : copy_zero_init.c.obj (.text:decompress:ZI:__TI_zero_init)
                  000063ac    00000004     --HOLE-- [fill = 0]
                  000063b0    0000000c     sysbios.aem4f : BIOS.obj (.text:pthread_self)
                  000063bc    0000000c     release_pem4f.oem4f (.text:ti_sysbios_family_arm_m3_Hwi_Params__init__S)
                  000063c8    0000000c     sysbios.aem4f : BIOS.obj (.text:ti_sysbios_family_arm_m3_Hwi_disableFxn__E)
                  000063d4    00000004     --HOLE-- [fill = 0]
                  000063d8    0000000c                   : BIOS.obj (.text:ti_sysbios_family_arm_m3_TaskSupport_getStackAlignment__E)
                  000063e4    00000004     --HOLE-- [fill = 0]
                  000063e8    0000000c                   : BIOS.obj (.text:ti_sysbios_family_arm_msp432_Timer_getMaxTicks__E)
                  000063f4    00000004     --HOLE-- [fill = 0]
                  000063f8    0000000c                   : BIOS.obj (.text:ti_sysbios_gates_GateHwi_enter__E)
                  00006404    0000000c     release_pem4f.oem4f (.text:ti_sysbios_knl_Clock_Params__init__S)
                  00006410    0000000c     release_pem4f.oem4f (.text:ti_sysbios_knl_Queue_Object__get__S)
                  0000641c    0000000c     release_pem4f.oem4f (.text:ti_sysbios_knl_Semaphore_Params__init__S)
                  00006428    0000000c     release_pem4f.oem4f (.text:ti_sysbios_knl_Task_Params__init__S)
                  00006434    00000004     --HOLE-- [fill = 0]
                  00006438    0000000c     sysbios.aem4f : BIOS.obj (.text:ti_sysbios_rts_ti_ReentSupport_taskRegHook__I)
                  00006444    00000004     --HOLE-- [fill = 0]
                  00006448    0000000c                   : BIOS.obj (.text:xdc_runtime_Gate_enterSystem__E)
                  00006454    00000004     --HOLE-- [fill = 0]
                  00006458    0000000c                   : BIOS.obj (.text:xdc_runtime_Startup_rtsDone__E)
                  00006464    0000000a     dpl_msp432p401x.aem4f : ClockP_tirtos.oem4f (.text:ClockP_Params_init)
                  0000646e    0000000a     drivers_msp432p401x.aem4f : PWM.oem4f (.text:PWM_setDuty)
                  00006478    0000000a                               : PWM.oem4f (.text:PWM_start)
                  00006482    0000000a                               : UART.oem4f (.text:UART_read)
                  0000648c    0000000a                               : UART.oem4f (.text:UART_write)
                  00006496    0000000a     release_pem4f.oem4f (.text:xdc_runtime_IHeap_alloc)
                  000064a0    0000000a     release_pem4f.oem4f (.text:xdc_runtime_IHeap_free)
                  000064aa    00000008     dpl_msp432p401x.aem4f : SemaphoreP_tirtos.oem4f (.text:SemaphoreP_Params_init)
                  000064b2    00000006     --HOLE-- [fill = 0]
                  000064b8    00000008     sysbios.aem4f : BIOS.obj (.text:pthread_attr_setstacksize)
                  000064c0    00000008     drivers_msp432p401x.aem4f : UARTMSP432.oem4f (.text:readSemCallback)
                  000064c8    00000008     sysbios.aem4f : BIOS.obj (.text:ti_sysbios_family_arm_m3_Hwi_doSwiRestore__I)
                  000064d0    00000008                   : BIOS.obj (.text:ti_sysbios_family_arm_m3_Hwi_startup__E)
                  000064d8    00000008     drivers_msp432p401x.aem4f : UARTMSP432.oem4f (.text:txcptEnabledStatus)
                  000064e0    00000008                               : UARTMSP432.oem4f (.text:writeSemCallback)
                  000064e8    00000006     sysbios.aem4f : BIOS.obj (.text:ti_sysbios_family_arm_m3_Hwi_doTaskRestore__I)
                  000064ee    00000002     --HOLE-- [fill = 0]
                  000064f0    00000006                   : BIOS.obj (.text:ti_sysbios_family_arm_m3_Hwi_restoreFxn__E)
                  000064f6    00000002     --HOLE-- [fill = 0]
                  000064f8    00000006                   : BIOS.obj (.text:ti_sysbios_gates_GateHwi_leave__E)
                  000064fe    00000002     --HOLE-- [fill = 0]
                  00006500    00000006                   : BIOS.obj (.text:ti_sysbios_heaps_HeapMem_isBlocking__E)
                  00006506    00000002     --HOLE-- [fill = 0]
                  00006508    00000006                   : BIOS.obj (.text:ti_sysbios_knl_Clock_stop__E)
                  0000650e    00000002     --HOLE-- [fill = 0]
                  00006510    00000006                   : BIOS.obj (.text:ti_sysbios_knl_Queue_Instance_init__E)
                  00006516    00000002     --HOLE-- [fill = 0]
                  00006518    00000006                   : BIOS.obj (.text:ti_sysbios_knl_Swi_startup__E)
                  0000651e    00000002     --HOLE-- [fill = 0]
                  00006520    00000006                   : BIOS.obj (.text:xdc_runtime_System_Module_startup__E)
                  00006526    00000002     --HOLE-- [fill = 0]
                  00006528    00000004                   : BIOS.obj (.text:ti_sysbios_gates_GateHwi_query__E)
                  0000652c    00000004     --HOLE-- [fill = 0]
                  00006530    00000004                   : BIOS.obj (.text:ti_sysbios_gates_GateMutex_query__E)
                  00006534    00000004     --HOLE-- [fill = 0]
                  00006538    00000004                   : BIOS.obj (.text:ti_sysbios_knl_Clock_setTimeout__E)
                  0000653c    00000004     --HOLE-- [fill = 0]
                  00006540    00000004                   : BIOS.obj (.text:ti_sysbios_knl_Task_startup__E)
                  00006544    00000004     --HOLE-- [fill = 0]
                  00006548    00000002                   : BIOS.obj (.text:ti_sysbios_BIOS_linkedWithIncorrectBootLibrary__E)
                  0000654a    00000006     --HOLE-- [fill = 0]
                  00006550    00000002                   : BIOS.obj (.text:ti_sysbios_gates_GateHwi_Instance_init__E)
                  00006552    00000006     --HOLE-- [fill = 0]
                  00006558    00000002                   : BIOS.obj (.text:ti_sysbios_knl_Clock_logTick__E)
                  0000655a    00000006     --HOLE-- [fill = 0]
                  00006560    00000002                   : BIOS.obj (.text:xdc_runtime_SysCallback_defaultAbort)
                  00006562    00000006     --HOLE-- [fill = 0]
                  00006568    00000002                   : BIOS.obj (.text:xdc_runtime_SysCallback_defaultExit)
                  0000656a    00000006     --HOLE-- [fill = 0]
                  00006570    00000002                   : BIOS.obj (.text:xdc_runtime_System_abortSpin__E)
                  00006572    00000006     --HOLE-- [fill = 0]
                  00006578    00000002                   : BIOS.obj (.text:xdc_runtime_System_exitSpin__E)

.const     0    0000657c    000006a8     
                  0000657c    00000101     rtsv7M4_T_le_v4SPD16_eabi.lib : ctype.c.obj (.const:.string:_ctypes_)
                  0000667d    00000002     ti_drivers_config.obj (.const)
                  0000667f    00000001     release_pem4f.oem4f (.const:xdc_runtime_Error_policy__C)
                  00006680    00000040     ti_drivers_config.obj (.const:uartMSP432Baudrates)
                  000066c0    0000003c     release_pem4f.oem4f (.const:ti_sysbios_knl_Task_Object__PARAMS__C)
                  000066fc    00000038     ti_drivers_config.obj (.const:PowerMSP432_config)
                  00006734    00000030     release_pem4f.oem4f (.const:ti_sysbios_family_arm_m3_Hwi_Object__PARAMS__C)
                  00006764    0000002c     ti_drivers_config.obj (.const:uartMSP432HWAttrs)
                  00006790    00000028     drivers_msp432p401x.aem4f : UARTMSP432.oem4f (.const:UARTMSP432_fxnTable)
                  000067b8    00000028     release_pem4f.oem4f (.const:ti_sysbios_heaps_HeapMem_Module__FXNS__C)
                  000067e0    00000024     drivers_msp432p401x.aem4f : PWMTimerMSP432.oem4f (.const:PWMTimerMSP432_fxnTable)
                  00006804    00000024                               : UART.oem4f (.const:UART_defaultParams)
                  00006828    00000024     release_pem4f.oem4f (.const:ti_sysbios_gates_GateHwi_Module__FXNS__C)
                  0000684c    00000024     release_pem4f.oem4f (.const:ti_sysbios_gates_GateMutex_Module__FXNS__C)
                  00006870    00000024     release_pem4f.oem4f (.const:ti_sysbios_heaps_HeapMem_Object__PARAMS__C)
                  00006894    00000024     release_pem4f.oem4f (.const:ti_sysbios_knl_Clock_Object__PARAMS__C)
                  000068b8    00000024     release_pem4f.oem4f (.const:ti_sysbios_knl_Semaphore_Object__PARAMS__C)
                  000068dc    00000024     release_pem4f.oem4f (.const:xdc_runtime_Startup_sfxnTab__A)
                  00006900    00000020     drivers_msp432p401x.aem4f : UARTMSP432.oem4f (.const:staticFxnTable)
                  00006920    00000020     release_pem4f.oem4f (.const:ti_sysbios_family_arm_m3_Hwi_Object__DESC__C)
                  00006940    00000020     release_pem4f.oem4f (.const:ti_sysbios_gates_GateHwi_Object__DESC__C)
                  00006960    00000020     release_pem4f.oem4f (.const:ti_sysbios_gates_GateMutex_Object__DESC__C)
                  00006980    00000020     release_pem4f.oem4f (.const:ti_sysbios_heaps_HeapMem_Object__DESC__C)
                  000069a0    00000020     release_pem4f.oem4f (.const:ti_sysbios_knl_Clock_Object__DESC__C)
                  000069c0    00000020     release_pem4f.oem4f (.const:ti_sysbios_knl_Queue_Object__DESC__C)
                  000069e0    00000020     release_pem4f.oem4f (.const:ti_sysbios_knl_Semaphore_Object__DESC__C)
                  00006a00    00000020     release_pem4f.oem4f (.const:ti_sysbios_knl_Task_Object__DESC__C)
                  00006a20    00000018     drivers_msp432p401x.aem4f : PWM.oem4f (.const:PWM_defaultParams)
                  00006a38    00000018     release_pem4f.oem4f (.const:ti_sysbios_gates_GateHwi_Object__PARAMS__C)
                  00006a50    00000018     release_pem4f.oem4f (.const:ti_sysbios_gates_GateMutex_Object__PARAMS__C)
                  00006a68    00000018     release_pem4f.oem4f (.const:ti_sysbios_knl_Queue_Object__PARAMS__C)
                  00006a80    00000018     release_pem4f.oem4f (.const:ti_sysbios_knl_Task_hooks__A)
                  00006a98    00000016     test101.obj (.const:.string:$P$T0$2)
                  00006aae    00000002     release_pem4f.oem4f (.const:ti_sysbios_family_arm_m3_Hwi_Module__id__C)
                  00006ab0    00000014     ti_drivers_config.obj (.const:GPIOMSP432_config)
                  00006ac4    00000012     release_pem4f.oem4f (.const:xdc_runtime_Startup_sfxnRts__A)
                  00006ad6    00000002     release_pem4f.oem4f (.const:ti_sysbios_family_arm_msp432_init_Boot_bypassHFXT__C)
                  00006ad8    00000010     drivers_msp432p401x.aem4f : PWMTimerMSP432.oem4f (.const:pwmTimerBaseAddr)
                  00006ae8    0000000c     ti_drivers_config.obj (.const:PWM_config)
                  00006af4    0000000c     ti_drivers_config.obj (.const:UART_config)
                  00006b00    0000000c     release_pem4f.oem4f (.const:xdc_runtime_Startup_firstFxns__A)
                  00006b0c    00000008     ti_drivers_config.obj (.const:pwmTimerMSP432HWAttrs)
                  00006b14    00000008     release_pem4f.oem4f (.const:ti_sysbios_knl_Idle_funcList__A)
                  00006b1c    00000008     release_pem4f.oem4f (.const:ti_sysbios_knl_Idle_funcList__C)
                  00006b24    00000008     release_pem4f.oem4f (.const:ti_sysbios_knl_Task_hooks__C)
                  00006b2c    00000008     release_pem4f.oem4f (.const:xdc_runtime_Startup_firstFxns__C)
                  00006b34    00000008     release_pem4f.oem4f (.const:xdc_runtime_Startup_lastFxns__C)
                  00006b3c    00000006     drivers_msp432p401x.aem4f : GPIOMSP432.oem4f (.const:.string:interruptType)
                  00006b42    00000006                               : GPIOMSP432.oem4f (.const:.string:portInterruptIds)
                  00006b48    00000005                               : UARTMSP432.oem4f (.const:.string:parityTypes)
                  00006b4d    00000001     --HOLE-- [fill = 0]
                  00006b4e    00000004                               : UARTMSP432.oem4f (.const:stopBits)
                  00006b52    00000002     release_pem4f.oem4f (.const:ti_sysbios_family_arm_msp432_init_Boot_bypassLFXT__C)
                  00006b54    00000004     release_pem4f.oem4f (.const:ti_sysbios_family_arm_m3_Hwi_E_alreadyDefined__C)
                  00006b58    00000004     release_pem4f.oem4f (.const:ti_sysbios_family_arm_m3_Hwi_E_badIntNum__C)
                  00006b5c    00000004     release_pem4f.oem4f (.const:ti_sysbios_family_arm_m3_Hwi_NUM_INTERRUPTS__C)
                  00006b60    00000004     release_pem4f.oem4f (.const:ti_sysbios_family_arm_m3_Hwi_Object__count__C)
                  00006b64    00000004     release_pem4f.oem4f (.const:ti_sysbios_family_arm_m3_Hwi_ccr__C)
                  00006b68    00000004     release_pem4f.oem4f (.const:ti_sysbios_family_arm_m3_Hwi_excHandlerFunc__C)
                  00006b6c    00000004     release_pem4f.oem4f (.const:ti_sysbios_family_arm_m3_Hwi_nullIsrFunc__C)
                  00006b70    00000004     release_pem4f.oem4f (.const:ti_sysbios_family_arm_m3_Hwi_priGroup__C)
                  00006b74    00000004     release_pem4f.oem4f (.const:ti_sysbios_family_arm_m3_Hwi_swiDisable__C)
                  00006b78    00000004     release_pem4f.oem4f (.const:ti_sysbios_family_arm_m3_Hwi_swiRestore__C)
                  00006b7c    00000004     release_pem4f.oem4f (.const:ti_sysbios_family_arm_m3_TaskSupport_stackAlignment__C)
                  00006b80    00000004     release_pem4f.oem4f (.const:ti_sysbios_family_arm_msp432_Timer_numTimerDevices__C)
                  00006b84    00000004     release_pem4f.oem4f (.const:ti_sysbios_family_arm_msp432_Timer_startupNeeded__C)
                  00006b88    00000004     release_pem4f.oem4f (.const:ti_sysbios_gates_GateMutex_Instance_State_sem__O)
                  00006b8c    00000004     release_pem4f.oem4f (.const:ti_sysbios_heaps_HeapMem_E_memory__C)
                  00006b90    00000004     release_pem4f.oem4f (.const:ti_sysbios_heaps_HeapMem_Module__gateObj__C)
                  00006b94    00000004     release_pem4f.oem4f (.const:ti_sysbios_heaps_HeapMem_Object__count__C)
                  00006b98    00000004     release_pem4f.oem4f (.const:ti_sysbios_heaps_HeapMem_primaryHeapBaseAddr__C)
                  00006b9c    00000004     release_pem4f.oem4f (.const:ti_sysbios_heaps_HeapMem_primaryHeapEndAddr__C)
                  00006ba0    00000004     release_pem4f.oem4f (.const:ti_sysbios_heaps_HeapMem_reqAlign__C)
                  00006ba4    00000004     release_pem4f.oem4f (.const:ti_sysbios_knl_Clock_Module_State_clockQ__O)
                  00006ba8    00000004     release_pem4f.oem4f (.const:ti_sysbios_knl_Clock_tickPeriod__C)
                  00006bac    00000004     release_pem4f.oem4f (.const:ti_sysbios_knl_Mailbox_Instance_State_freeQue__O)
                  00006bb0    00000004     release_pem4f.oem4f (.const:ti_sysbios_knl_Mailbox_Object__count__C)
                  00006bb4    00000004     release_pem4f.oem4f (.const:ti_sysbios_knl_Mailbox_maxTypeAlign__C)
                  00006bb8    00000004     release_pem4f.oem4f (.const:ti_sysbios_knl_Semaphore_Instance_State_pendQ__O)
                  00006bbc    00000004     release_pem4f.oem4f (.const:ti_sysbios_knl_Swi_Object__count__C)
                  00006bc0    00000004     release_pem4f.oem4f (.const:ti_sysbios_knl_Task_Module_State_inactiveQ__O)
                  00006bc4    00000004     release_pem4f.oem4f (.const:ti_sysbios_knl_Task_Object__count__C)
                  00006bc8    00000004     release_pem4f.oem4f (.const:ti_sysbios_knl_Task_Object__heap__C)
                  00006bcc    00000004     release_pem4f.oem4f (.const:ti_sysbios_knl_Task_allBlockedFunc__C)
                  00006bd0    00000004     release_pem4f.oem4f (.const:ti_sysbios_knl_Task_defaultStackHeap__C)
                  00006bd4    00000004     release_pem4f.oem4f (.const:ti_sysbios_knl_Task_defaultStackSize__C)
                  00006bd8    00000004     release_pem4f.oem4f (.const:ti_sysbios_knl_Task_numConstructedTasks__C)
                  00006bdc    00000004     release_pem4f.oem4f (.const:xdc_runtime_Error_E_memory__C)
                  00006be0    00000004     release_pem4f.oem4f (.const:xdc_runtime_Error_policyFxn__C)
                  00006be4    00000004     release_pem4f.oem4f (.const:xdc_runtime_IGateProvider_Interface__BASE__C)
                  00006be8    00000004     release_pem4f.oem4f (.const:xdc_runtime_IHeap_Interface__BASE__C)
                  00006bec    00000004     release_pem4f.oem4f (.const:xdc_runtime_IModule_Interface__BASE__C)
                  00006bf0    00000004     release_pem4f.oem4f (.const:xdc_runtime_Memory_defaultHeapInstance__C)
                  00006bf4    00000004     release_pem4f.oem4f (.const:xdc_runtime_Startup_execImpl__C)
                  00006bf8    00000004     release_pem4f.oem4f (.const:xdc_runtime_Startup_maxPasses__C)
                  00006bfc    00000004     release_pem4f.oem4f (.const:xdc_runtime_Startup_sfxnRts__C)
                  00006c00    00000004     release_pem4f.oem4f (.const:xdc_runtime_Startup_sfxnTab__C)
                  00006c04    00000004     release_pem4f.oem4f (.const:xdc_runtime_SysCallback_abortFxn__C)
                  00006c08    00000004     release_pem4f.oem4f (.const:xdc_runtime_SysCallback_exitFxn__C)
                  00006c0c    00000004     release_pem4f.oem4f (.const:xdc_runtime_System_Module__gateObj__C)
                  00006c10    00000004     release_pem4f.oem4f (.const:xdc_runtime_System_abortFxn__C)
                  00006c14    00000004     release_pem4f.oem4f (.const:xdc_runtime_System_exitFxn__C)
                  00006c18    00000004     release_pem4f.oem4f (.const:xdc_runtime_System_maxAtexitHandlers__C)
                  00006c1c    00000002     release_pem4f.oem4f (.const:ti_sysbios_family_arm_msp432_init_Boot_enableHFXT__C)
                  00006c1e    00000002     release_pem4f.oem4f (.const:ti_sysbios_family_arm_msp432_init_Boot_enableLFXT__C)
                  00006c20    00000002     release_pem4f.oem4f (.const:ti_sysbios_heaps_HeapMem_Module__id__C)
                  00006c22    00000002     release_pem4f.oem4f (.const:xdc_runtime_Memory_Module__id__C)

.cinit     0    00006c28    00000238     
                  00006c28    00000212     (.cinit..data.load) [load image, compression = lzss]
                  00006e3a    00000002     --HOLE-- [fill = 0]
                  00006e3c    0000000c     (__TI_handler_table)
                  00006e48    00000008     (.cinit..bss.load) [load image, compression = zero_init]
                  00006e50    00000010     (__TI_cinit_table)

.init_array 
*          0    00000000    00000000     UNINITIALIZED

.data      0    20008140    00000722     UNINITIALIZED
                  20008140    00000140     drivers_msp432p401x.aem4f : PowerMSP432.oem4f (.data:PowerMSP432_perfLevels)
                  20008280    00000110                               : PWMTimerMSP432.oem4f (.data:pwmTimerStatus)
                  20008390    00000088     sysbios.aem4f : BIOS.obj (.data:$O1$$)
                  20008418    00000080     release_pem4f.oem4f (.data:ti_sysbios_knl_Swi_Module_State_0_readyQ__A)
                  20008498    00000080     release_pem4f.oem4f (.data:ti_sysbios_knl_Task_Module_State_0_readyQ__A)
                  20008518    00000054     release_pem4f.oem4f (.data:ti_sysbios_gates_GateMutex_Object__table__V)
                  2000856c    0000004c     release_pem4f.oem4f (.data:ti_sysbios_knl_Task_Object__table__V)
                  200085b8    00000044     release_pem4f.oem4f (.data:ti_sysbios_family_arm_msp432_Timer_Object__table__V)
                  200085fc    00000044     release_pem4f.oem4f (.data:ti_sysbios_knl_Task_Module__state__V)
                  20008640    00000034     release_pem4f.oem4f (.data:ti_sysbios_family_arm_m3_Hwi_Module__state__V)
                  20008674    00000030     release_pem4f.oem4f (.data:ti_sysbios_knl_Swi_Object__table__V)
                  200086a4    0000002c     drivers_msp432p401x.aem4f : PowerMSP432.oem4f (.data:PowerMSP432_module)
                  200086d0    0000002c     release_pem4f.oem4f (.data:ti_sysbios_knl_Clock_Module__state__V)
                  200086fc    00000024     release_pem4f.oem4f (.data:ti_sysbios_BIOS_Module__state__V)
                  20008720    00000020     release_pem4f.oem4f (.data:ti_sysbios_family_arm_msp432_Timer_Module_State_0_device__A)
                  20008740    00000020     release_pem4f.oem4f (.data:xdc_runtime_Error_IgnoreBlock)
                  20008760    0000001c     release_pem4f.oem4f (.data:ti_sysbios_knl_Swi_Module__state__V)
                  2000877c    00000018     release_pem4f.oem4f (.data:ti_sysbios_family_arm_m3_Hwi_Object__table__V)
                  20008794    00000018     release_pem4f.oem4f (.data:ti_sysbios_heaps_HeapMem_Object__table__V)
                  200087ac    00000010     release_pem4f.oem4f (.data:ti_sysbios_family_arm_msp432_Timer_Module_State_0_handles__A)
                  200087bc    0000000c     release_pem4f.oem4f (.data:ti_sysbios_family_arm_msp432_ClockFreqs_Module__state__V)
                  200087c8    0000000c     release_pem4f.oem4f (.data:ti_sysbios_family_arm_msp432_Timer_Module__state__V)
                  200087d4    00000008     rtsv7M4_T_le_v4SPD16_eabi.lib : _lock.c.obj (.data:$O1$$)
                  200087dc    00000008     release_pem4f.oem4f (.data:ti_sysbios_family_arm_m3_Hwi_Module__root__V)
                  200087e4    00000008     release_pem4f.oem4f (.data:ti_sysbios_gates_GateHwi_Module__root__V)
                  200087ec    00000008     release_pem4f.oem4f (.data:ti_sysbios_gates_GateMutex_Module__root__V)
                  200087f4    00000008     release_pem4f.oem4f (.data:ti_sysbios_heaps_HeapMem_Module__root__V)
                  200087fc    00000008     release_pem4f.oem4f (.data:ti_sysbios_knl_Clock_Module__root__V)
                  20008804    00000008     release_pem4f.oem4f (.data:ti_sysbios_knl_Queue_Module__root__V)
                  2000880c    00000008     release_pem4f.oem4f (.data:ti_sysbios_knl_Semaphore_Module__root__V)
                  20008814    00000008     release_pem4f.oem4f (.data:ti_sysbios_knl_Task_Module__root__V)
                  2000881c    00000008     release_pem4f.oem4f (.data:xdc_runtime_Startup_Module__state__V)
                  20008824    00000008     release_pem4f.oem4f (.data:xdc_runtime_System_Module_State_0_atexitHandlers__A)
                  2000882c    00000008     release_pem4f.oem4f (.data:xdc_runtime_System_Module__state__V)
                  20008834    00000004     ti_drivers_config.obj (.data:gpioCallbackFunctions)
                  20008838    00000004     ti_drivers_config.obj (.data:gpioPinConfigs)
                  2000883c    00000004     rtsv7M4_T_le_v4SPD16_eabi.lib : stkdepth_vars.c.obj (.data)
                  20008840    00000004                                   : vla_alloc.c.obj (.data)
                  20008844    00000004     release_pem4f.oem4f (.data:ti_sysbios_family_arm_m3_Hwi_Module_State_0_excContext__A)
                  20008848    00000004     release_pem4f.oem4f (.data:ti_sysbios_family_arm_m3_Hwi_Module_State_0_excStack__A)
                  2000884c    00000004     release_pem4f.oem4f (.data:ti_sysbios_gates_GateHwi_Object__table__V)
                  20008850    00000004     release_pem4f.oem4f (.data:ti_sysbios_knl_Task_Module_State_0_idleTask__A)
                  20008854    00000004     release_pem4f.oem4f (.data:ti_sysbios_rts_ti_ReentSupport_Module__state__V)
                  20008858    00000004     release_pem4f.oem4f (.data:xdc_runtime_Memory_Module__state__V)
                  2000885c    00000002     drivers_msp432p401x.aem4f : GPIOMSP432.oem4f (.data)
                  2000885e    00000002     release_pem4f.oem4f (.data:ti_sysbios_family_arm_m3_Hwi_Module_State_0_excActive__A)
                  20008860    00000001     drivers_msp432p401x.aem4f : PWM.oem4f (.data)
                  20008861    00000001                               : UART.oem4f (.data)

.bss       0    20008868    00000534     UNINITIALIZED
                  20008868    00000200     release_pem4f.oem4f (.bss:taskStackSection)
                  20008a68    00000140     (.common:ti_sysbios_family_arm_m3_Hwi_dispatchTable)
                  20008ba8    00000100     test101.obj (.bss:line$1)
                  20008ca8    00000080     (.common:uartMSP432Objects)
                  20008d28    00000030     drivers_msp432p401x.aem4f : GPIOMSP432.oem4f (.bss:gpioCallbackInfo)
                  20008d58    00000020     ti_drivers_config.obj (.bss:uartMSP432RingBuffer0)
                  20008d78    0000000c     (.common:pwmTimerMSP432Objects)
                  20008d84    00000008     msp432p4xx_driverlib.lib : cs.o (.bss)
                  20008d8c    00000004     drivers_msp432p401x.aem4f : GPIOMSP432.oem4f (.bss)
                  20008d90    00000004                               : TimerMSP432.oem4f (.bss:timerState)
                  20008d94    00000004     (.common:ClockP_tickPeriod)
                  20008d98    00000004     (.common:ti_sysbios_knl_Task_Instance_State_0_hookEnv__A)

.priheap   0    20000140    00008000     UNINITIALIZED
                  20000140    00008000     --HOLE--

.stack     0    2000fc00    00000400     UNINITIALIZED
                  2000fc00    00000400     --HOLE--

.bootVecs 
*          0    00000000    00000008     DSECT
                  00000000    00000008     boot.aem4f : boot.oem4f (.bootVecs)

.resetVecs 
*          0    00000000    0000003c     
                  00000000    0000003c     release_pem4f.oem4f (.resetVecs)

.vecs      0    20000000    00000140     NOLOAD SECTION
                  20000000    00000140     release_pem4f.oem4f (.vecs)

xdc.meta   0    00000000    00000102     COPY SECTION
                  00000000    00000102     release_pem4f.oem4f (xdc.meta)

xdc.noload 
*          0    00000000    00000000     COPY SECTION

__llvm_prf_cnts 
*          0    20000000    00000000     UNINITIALIZED

.binit     0    00000000    00000000     

MODULE SUMMARY

       Module                       code    ro data   rw data
       ------                       ----    -------   -------
    ./
       test101.obj                  442     22        512    
       main_tirtos.obj              100     0         0      
    +--+----------------------------+-------+---------+---------+
       Total:                       542     22        512    
                                                             
    ./syscfg/
       ti_drivers_config.obj        14      218       360    
    +--+----------------------------+-------+---------+---------+
       Total:                       14      218       360    
                                                             
    /home/darkerknight/workspace_v10/tirtos_builds_MSP_EXP432P401R_release_ccs/Debug/configPkg/package/cfg/
       release_pem4f.oem4f          1676    1061      4364   
    +--+----------------------------+-------+---------+---------+
       Total:                       1676    1061      4364   
                                                             
    /home/darkerknight/ti/ccs1000/ccs/tools/compiler/ti-cgt-arm_20.2.0.LTS/lib/rtsv7M4_T_le_v4SPD16_eabi.lib
       vla_alloc.c.obj              564     0         8      
       ctype.c.obj                  0       257       0      
       memcpy_t2.asm.obj            156     0         0      
       ull_div_t2.asm.obj           150     0         0      
       memset_t2.asm.obj            122     0         0      
       copy_decompress_lzss.c.obj   104     0         0      
       atoi.c.obj                   76      0         0      
       cpy_tbl.c.obj                76      0         0      
       _lock.c.obj                  26      0         16     
       args_main.c.obj              24      0         0      
       copy_decompress_none.c.obj   14      0         0      
       copy_zero_init.c.obj         12      0         0      
       stkdepth_vars.c.obj          0       0         8      
       error.c.obj                  4       0         0      
       exit.c.obj                   4       0         0      
       div0.asm.obj                 2       0         0      
    +--+----------------------------+-------+---------+---------+
       Total:                       1334    257       32     
                                                             
    /home/darkerknight/ti/simplelink_msp432p4_sdk_3_40_01_02/kernel/tirtos/packages/ti/dpl/lib/dpl_msp432p401x.aem4f
       SemaphoreP_tirtos.oem4f      146     0         0      
       ClockP_tirtos.oem4f          114     0         8      
       PowerMSP432_tirtos.oem4f     122     0         0      
       HwiP_tirtos.oem4f            96      0         0      
    +--+----------------------------+-------+---------+---------+
       Total:                       478     0         8      
                                                             
    /home/darkerknight/ti/simplelink_msp432p4_sdk_3_40_01_02/kernel/tirtos/packages/ti/targets/arm/rtsarm/lib/auto_init.aem4f
       auto_init.oem4f              160     0         0      
    +--+----------------------------+-------+---------+---------+
       Total:                       160     0         0      
                                                             
    /home/darkerknight/ti/simplelink_msp432p4_sdk_3_40_01_02/kernel/tirtos/packages/ti/targets/arm/rtsarm/lib/boot.aem4f
       boot.oem4f                   88      0         0      
    +--+----------------------------+-------+---------+---------+
       Total:                       88      0         0      
                                                             
    /home/darkerknight/ti/simplelink_msp432p4_sdk_3_40_01_02/source/ti/devices/msp432p4xx/driverlib/ccs/msp432p4xx_driverlib.lib
       pcm.o                        1770    0         0      
       cs.o                         704     0         16     
       uart.o                       284     0         0      
       sysctl_a.o                   64      0         0      
       rtc_c.o                      44      0         0      
       wdt_a.o                      36      0         0      
       cpu.o                        28      0         0      
       sysctl.o                     16      0         0      
    +--+----------------------------+-------+---------+---------+
       Total:                       2946    0         16     
                                                             
    /home/darkerknight/ti/simplelink_msp432p4_sdk_3_40_01_02/source/ti/drivers/lib/drivers_msp432p401x.aem4f
       UARTMSP432.oem4f             3406    81        0      
       PowerMSP432.oem4f            2196    0         728    
       PWMTimerMSP432.oem4f         1992    52        544    
       GPIOMSP432.oem4f             884     12        108    
       UART.oem4f                   176     36        2      
       TimerMSP432.oem4f            204     0         8      
       PWM.oem4f                    172     24        2      
       RingBuf.oem4f                184     0         0      
       List.oem4f                   76      0         0      
    +--+----------------------------+-------+---------+---------+
       Total:                       9290    205       1392   
                                                             
    /home/darkerknight/workspace_v10/tirtos_builds_MSP_EXP432P401R_release_ccs/src/sysbios/sysbios.aem4f
       BIOS.obj                     8526    0         272    
       m3_Hwi_asm.obj               318     0         0      
       m3_TaskSupport_asm.obj       180     0         0      
       m3_Hwi_asm_switch.obj        118     0         0      
    +--+----------------------------+-------+---------+---------+
       Total:                       9142    0         272    
                                                             
       Stack:                       0       0         2048   
       Linker Generated:            0       566       0      
    +--+----------------------------+-------+---------+---------+
       Grand Total:                 25670   2329      9004   


LINKER GENERATED COPY TABLES

__TI_cinit_table @ 00006e50 records: 2, size/record: 8, table size: 16
	.data: load addr=00006c28, load size=00000212 bytes, run addr=20008140, run size=00000722 bytes, compression=lzss
	.bss: load addr=00006e48, load size=00000008 bytes, run addr=20008868, run size=00000534 bytes, compression=zero_init


LINKER GENERATED HANDLER TABLE

__TI_handler_table @ 00006e3c records: 3, size/record: 4, table size: 12
	index: 0, handler: __TI_decompress_lzss
	index: 1, handler: __TI_decompress_none
	index: 2, handler: __TI_zero_init


GLOBAL SYMBOLS: SORTED ALPHABETICALLY BY Name 

address   name                                                            
-------   ----                                                            
00006327  Board_init                                                      
00000893  Board_initHook                                                  
0000303d  C$$EXIT                                                         
00006333  CPU_cpsid                                                       
0000633f  CPU_cpsie                                                       
000012a5  CPU_wfi                                                         
00005c25  CS_setExternalClockSourceFrequency                              
00001d01  CS_startHFXTWithTimeout                                         
00001ecd  CS_startLFXTWithTimeout                                         
00006465  ClockP_Params_init                                              
00004649  ClockP_create                                                   
0000634b  ClockP_delete                                                   
00001a25  ClockP_setTimeout                                               
00001de5  ClockP_start                                                    
00002165  ClockP_stop                                                     
20008d94  ClockP_tickPeriod                                               
00006ab0  GPIOMSP432_config                                               
00003d09  GPIO_hwiIntFxn                                                  
00002761  GPIO_init                                                       
00004045  GPIO_setCallback                                                
00000d25  GPIO_setConfig                                                  
000051c5  GPIO_toggle                                                     
00004341  GPIO_write                                                      
00008000  HEAPSIZE                                                        
00006165  HwiP_Params_init                                                
00004d0d  HwiP_create                                                     
00006357  HwiP_delete                                                     
0000253d  HwiP_disable                                                    
000064f1  HwiP_restore                                                    
000059a9  List_put                                                        
000059cf  List_remove                                                     
00004169  PCM_getCoreVoltageLevel                                         
000042e5  PCM_getPowerMode                                                
00006039  PCM_getPowerState                                               
00005869  PCM_gotoLPM0                                                    
000035d9  PCM_gotoLPM3                                                    
00006175  PCM_gotoLPM4                                                    
00006185  PCM_setPowerMode                                                
00006195  PCM_setPowerState                                               
000044a1  PCM_shutdownDevice                                              
000034c5  PWMTimerMSP432_close                                            
00002303  PWMTimerMSP432_control                                          
000067e0  PWMTimerMSP432_fxnTable                                         
00002f13  PWMTimerMSP432_init                                             
00000b1d  PWMTimerMSP432_open                                             
00002f15  PWMTimerMSP432_setDuty                                          
00002a0b  PWMTimerMSP432_setDutyAndPeriod                                 
000014f5  PWMTimerMSP432_setPeriod                                        
0000365d  PWMTimerMSP432_start                                            
00002ab9  PWMTimerMSP432_stop                                             
0000604d  PWM_Params_init                                                 
00006ae8  PWM_config                                                      
0000667d  PWM_count                                                       
00006a20  PWM_defaultParams                                               
00004bf9  PWM_init                                                        
00004d4d  PWM_open                                                        
0000646f  PWM_setDuty                                                     
00006479  PWM_start                                                       
000066fc  PowerMSP432_config                                              
00003d71  PowerMSP432_getFreqs                                            
000061a5  PowerMSP432_getNumPerfLevels                                    
000035d7  PowerMSP432_initPolicy                                          
200086a4  PowerMSP432_module                                              
20008140  PowerMSP432_perfLevels                                          
00004739  PowerMSP432_sleepPolicy                                         
000056ad  PowerMSP432_updateFreqs                                         
00006365  Power_getConstraintMask                                         
00006371  Power_getPerformanceLevel                                       
00006061  Power_idleFunc                                                  
00002d45  Power_init                                                      
00005891  Power_registerNotify                                            
00004a45  Power_releaseConstraint                                         
000051fd  Power_setConstraint                                             
00000041  Power_sleep                                                     
00005c45  Power_unregisterNotify                                          
000056d9  RTC_C_holdClock                                                 
000060ed  RingBuf_construct                                               
00004d8d  RingBuf_get                                                     
00005c65  RingBuf_peek                                                    
00004bb1  RingBuf_put                                                     
UNDEFED   SHT$$INIT_ARRAY$$Base                                           
UNDEFED   SHT$$INIT_ARRAY$$Limit                                          
000064ab  SemaphoreP_Params_init                                          
00005051  SemaphoreP_create                                               
00005705  SemaphoreP_createBinary                                         
0000637d  SemaphoreP_delete                                               
000060ff  SemaphoreP_pend                                                 
0000280d  SemaphoreP_post                                                 
00005ed1  SysCtl_A_disableNMISource                                       
00005ee9  SysCtl_A_enableNMISource                                        
000061b5  SysCtl_A_getNMISourceStatus                                     
000061c5  SysCtl_getNMISourceStatus                                       
[...]
00006141  ti_sysbios_hal_Hwi_Module_startup__E                            
00006153  xdc_runtime_Startup_exec__I                                     
00006165  HwiP_Params_init                                                
00006175  PCM_gotoLPM4                                                    
00006185  PCM_setPowerMode                                                
00006195  PCM_setPowerState                                               
000061a5  PowerMSP432_getNumPerfLevels                                    
000061b5  SysCtl_A_getNMISourceStatus                                     
000061c5  SysCtl_getNMISourceStatus                                       
000061e9  ti_sysbios_BIOS_exit__E                                         
000061f9  ti_sysbios_BIOS_setCpuFreq__E                                   
00006209  ti_sysbios_BIOS_setThreadType__E                                
00006219  ti_sysbios_BIOS_start__E                                        
00006229  ti_sysbios_family_arm_m3_TaskSupport_glue                       
00006239  ti_sysbios_family_arm_msp432_init_Boot_disableWatchdog          
00006249  ti_sysbios_gates_GateMutex_Instance_finalize__E                 
00006259  ti_sysbios_knl_Mailbox_Object__get__S                           
00006269  ti_sysbios_knl_Semaphore_Instance_finalize__E                   
00006279  ti_sysbios_knl_Swi_disable__E                                   
00006289  ti_sysbios_knl_Task_Object__get__S                              
00006299  ti_sysbios_knl_Task_disable__E                                  
000062a9  xdc_runtime_Gate_leaveSystem__E                                 
000062b9  xdc_runtime_Memory_free__E                                      
000062c9  xdc_runtime_SysCallback_abort__E                                
000062c9  xdc_runtime_System_SupportProxy_abort__E                        
000062d9  xdc_runtime_SysCallback_exit__E                                 
000062d9  xdc_runtime_System_SupportProxy_exit__E                         
000062e9  __TI_decompress_none                                            
000062f9  pthread_attr_setdetachstate                                     
00006309  ti_sysbios_knl_Idle_loop__E                                     
00006319  ti_sysbios_knl_Queue_empty__E                                   
00006327  Board_init                                                      
00006333  CPU_cpsid                                                       
0000633f  CPU_cpsie                                                       
0000634b  ClockP_delete                                                   
00006357  HwiP_delete                                                     
00006365  Power_getConstraintMask                                         
00006371  Power_getPerformanceLevel                                       
0000637d  SemaphoreP_delete                                               
00006389  _register_lock                                                  
00006395  _register_unlock                                                
000063a1  __TI_zero_init                                                  
000063b1  pthread_self                                                    
000063bd  ti_sysbios_family_arm_m3_Hwi_Params__init__S                    
000063bd  ti_sysbios_hal_Hwi_HwiProxy_Params__init__S                     
000063c9  ti_sysbios_family_arm_m3_Hwi_disableFxn__E                      
000063c9  ti_sysbios_hal_Hwi_HwiProxy_disable__E                          
000063d9  ti_sysbios_family_arm_m3_TaskSupport_getStackAlignment__E       
000063d9  ti_sysbios_knl_Task_SupportProxy_getStackAlignment__E           
000063e9  ti_sysbios_family_arm_msp432_Timer_getMaxTicks__E               
000063f9  ti_sysbios_gates_GateHwi_enter__E                               
00006405  ti_sysbios_knl_Clock_Params__init__S                            
00006411  ti_sysbios_knl_Queue_Object__get__S                             
0000641d  ti_sysbios_knl_Semaphore_Params__init__S                        
00006429  ti_sysbios_knl_Task_Params__init__S                             
00006439  ti_sysbios_rts_ti_ReentSupport_taskRegHook__I                   
00006449  xdc_runtime_Gate_enterSystem__E                                 
00006459  xdc_runtime_Startup_rtsDone__E                                  
00006465  ClockP_Params_init                                              
0000646f  PWM_setDuty                                                     
00006479  PWM_start                                                       
00006483  UART_read                                                       
0000648d  UART_write                                                      
00006497  xdc_runtime_Memory_HeapProxy_alloc__E                           
000064a1  xdc_runtime_Memory_HeapProxy_free__E                            
000064ab  SemaphoreP_Params_init                                          
000064b9  pthread_attr_setstacksize                                       
000064c9  ti_sysbios_family_arm_m3_Hwi_doSwiRestore__I                    
000064d1  ti_sysbios_family_arm_m3_Hwi_startup__E                         
000064d1  ti_sysbios_hal_Hwi_HwiProxy_startup__E                          
000064d1  ti_sysbios_hal_Hwi_startup__E                                   
000064e9  ti_sysbios_family_arm_m3_Hwi_doTaskRestore__I                   
000064f1  HwiP_restore                                                    
000064f1  ti_sysbios_family_arm_m3_Hwi_restoreFxn__E                      
000064f1  ti_sysbios_hal_Hwi_HwiProxy_restore__E                          
000064f9  ti_sysbios_gates_GateHwi_leave__E                               
00006501  ti_sysbios_heaps_HeapMem_isBlocking__E                          
00006509  ti_sysbios_knl_Clock_stop__E                                    
00006511  ti_sysbios_knl_Queue_Instance_init__E                           
00006519  ti_sysbios_knl_Swi_startup__E                                   
00006521  xdc_runtime_System_Module_startup__E                            
00006529  ti_sysbios_gates_GateHwi_query__E                               
00006529  xdc_runtime_Main_Module_GateProxy_query__E                      
00006529  xdc_runtime_System_Module_GateProxy_query__E                    
00006531  ti_sysbios_BIOS_RtsGateProxy_query__E                           
00006531  ti_sysbios_gates_GateMutex_query__E                             
00006531  ti_sysbios_heaps_HeapMem_Module_GateProxy_query__E              
00006539  ti_sysbios_knl_Clock_setTimeout__E                              
00006541  ti_sysbios_knl_Task_startup__E                                  
00006549  ti_sysbios_BIOS_linkedWithIncorrectBootLibrary__E               
00006551  ti_sysbios_gates_GateHwi_Instance_init__E                       
00006559  ti_sysbios_knl_Clock_logTick__E                                 
00006561  xdc_runtime_SysCallback_defaultAbort                            
00006569  xdc_runtime_SysCallback_defaultExit                             
00006571  xdc_runtime_System_abortSpin__E                                 
00006579  xdc_runtime_System_exitSpin__E                                  
0000657c  _ctypes_                                                        
0000667d  PWM_count                                                       
0000667e  UART_count                                                      
0000667f  xdc_runtime_Error_policy__C                                     
000066c0  ti_sysbios_knl_Task_Object__PARAMS__C                           
000066fc  PowerMSP432_config                                              
00006734  ti_sysbios_family_arm_m3_Hwi_Object__PARAMS__C                  
00006790  UARTMSP432_fxnTable                                             
000067b8  ti_sysbios_heaps_HeapMem_Module__FXNS__C                        
000067e0  PWMTimerMSP432_fxnTable                                         
00006804  UART_defaultParams                                              
00006828  ti_sysbios_gates_GateHwi_Module__FXNS__C                        
0000684c  ti_sysbios_gates_GateMutex_Module__FXNS__C                      
00006870  ti_sysbios_heaps_HeapMem_Object__PARAMS__C                      
00006894  ti_sysbios_knl_Clock_Object__PARAMS__C                          
000068b8  ti_sysbios_knl_Semaphore_Object__PARAMS__C                      
000068dc  xdc_runtime_Startup_sfxnTab__A                                  
00006920  ti_sysbios_family_arm_m3_Hwi_Object__DESC__C                    
00006940  ti_sysbios_gates_GateHwi_Object__DESC__C                        
00006960  ti_sysbios_gates_GateMutex_Object__DESC__C                      
00006980  ti_sysbios_heaps_HeapMem_Object__DESC__C                        
000069a0  ti_sysbios_knl_Clock_Object__DESC__C                            
000069c0  ti_sysbios_knl_Queue_Object__DESC__C                            
000069e0  ti_sysbios_knl_Semaphore_Object__DESC__C                        
00006a00  ti_sysbios_knl_Task_Object__DESC__C                             
00006a20  PWM_defaultParams                                               
00006a38  ti_sysbios_gates_GateHwi_Object__PARAMS__C                      
00006a50  ti_sysbios_gates_GateMutex_Object__PARAMS__C                    
00006a68  ti_sysbios_knl_Queue_Object__PARAMS__C                          
00006a80  ti_sysbios_knl_Task_hooks__A                                    
00006aae  ti_sysbios_family_arm_m3_Hwi_Module__id__C                      
00006ab0  GPIOMSP432_config                                               
00006ac4  xdc_runtime_Startup_sfxnRts__A                                  
00006ad6  ti_sysbios_family_arm_msp432_init_Boot_bypassHFXT__C            
00006ae8  PWM_config                                                      
00006af4  UART_config                                                     
00006b00  xdc_runtime_Startup_firstFxns__A                                
00006b0c  pwmTimerMSP432HWAttrs                                           
00006b14  ti_sysbios_knl_Idle_funcList__A                                 
00006b1c  ti_sysbios_knl_Idle_funcList__C                                 
00006b24  ti_sysbios_knl_Task_hooks__C                                    
00006b2c  xdc_runtime_Startup_firstFxns__C                                
00006b34  xdc_runtime_Startup_lastFxns__C                                 
00006b52  ti_sysbios_family_arm_msp432_init_Boot_bypassLFXT__C            
00006b54  ti_sysbios_family_arm_m3_Hwi_E_alreadyDefined__C                
00006b58  ti_sysbios_family_arm_m3_Hwi_E_badIntNum__C                     
00006b5c  ti_sysbios_family_arm_m3_Hwi_NUM_INTERRUPTS__C                  
00006b60  ti_sysbios_family_arm_m3_Hwi_Object__count__C                   
00006b64  ti_sysbios_family_arm_m3_Hwi_ccr__C                             
00006b68  ti_sysbios_family_arm_m3_Hwi_excHandlerFunc__C                  
00006b6c  ti_sysbios_family_arm_m3_Hwi_nullIsrFunc__C                     
00006b70  ti_sysbios_family_arm_m3_Hwi_priGroup__C                        
00006b74  ti_sysbios_family_arm_m3_Hwi_swiDisable__C                      
00006b78  ti_sysbios_family_arm_m3_Hwi_swiRestore__C                      
00006b7c  ti_sysbios_family_arm_m3_TaskSupport_stackAlignment__C          
00006b80  ti_sysbios_family_arm_msp432_Timer_numTimerDevices__C           
00006b84  ti_sysbios_family_arm_msp432_Timer_startupNeeded__C             
00006b88  ti_sysbios_gates_GateMutex_Instance_State_sem__O                
00006b8c  ti_sysbios_heaps_HeapMem_E_memory__C                            
00006b90  ti_sysbios_heaps_HeapMem_Module__gateObj__C                     
00006b94  ti_sysbios_heaps_HeapMem_Object__count__C                       
00006b98  ti_sysbios_heaps_HeapMem_primaryHeapBaseAddr__C                 
00006b9c  ti_sysbios_heaps_HeapMem_primaryHeapEndAddr__C                  
00006ba0  ti_sysbios_heaps_HeapMem_reqAlign__C                            
00006ba4  ti_sysbios_knl_Clock_Module_State_clockQ__O                     
00006ba8  ti_sysbios_knl_Clock_tickPeriod__C                              
00006bac  ti_sysbios_knl_Mailbox_Instance_State_freeQue__O                
00006bb0  ti_sysbios_knl_Mailbox_Object__count__C                         
00006bb4  ti_sysbios_knl_Mailbox_maxTypeAlign__C                          
00006bb8  ti_sysbios_knl_Semaphore_Instance_State_pendQ__O                
00006bbc  ti_sysbios_knl_Swi_Object__count__C                             
00006bc0  ti_sysbios_knl_Task_Module_State_inactiveQ__O                   
00006bc4  ti_sysbios_knl_Task_Object__count__C                            
00006bc8  ti_sysbios_knl_Task_Object__heap__C                             
00006bcc  ti_sysbios_knl_Task_allBlockedFunc__C                           
00006bd0  ti_sysbios_knl_Task_defaultStackHeap__C                         
00006bd4  ti_sysbios_knl_Task_defaultStackSize__C                         
00006bd8  ti_sysbios_knl_Task_numConstructedTasks__C                      
00006bdc  xdc_runtime_Error_E_memory__C                                   
00006be0  xdc_runtime_Error_policyFxn__C                                  
00006be4  xdc_runtime_IGateProvider_Interface__BASE__C                    
00006be8  xdc_runtime_IHeap_Interface__BASE__C                            
00006bec  xdc_runtime_IModule_Interface__BASE__C                          
00006bf0  xdc_runtime_Memory_defaultHeapInstance__C                       
00006bf4  xdc_runtime_Startup_execImpl__C                                 
00006bf8  xdc_runtime_Startup_maxPasses__C                                
00006bfc  xdc_runtime_Startup_sfxnRts__C                                  
00006c00  xdc_runtime_Startup_sfxnTab__C                                  
00006c04  xdc_runtime_SysCallback_abortFxn__C                             
00006c08  xdc_runtime_SysCallback_exitFxn__C                              
00006c0c  xdc_runtime_System_Module__gateObj__C                           
00006c10  xdc_runtime_System_abortFxn__C                                  
00006c14  xdc_runtime_System_exitFxn__C                                   
00006c18  xdc_runtime_System_maxAtexitHandlers__C                         
00006c1c  ti_sysbios_family_arm_msp432_init_Boot_enableHFXT__C            
00006c1e  ti_sysbios_family_arm_msp432_init_Boot_enableLFXT__C            
00006c20  ti_sysbios_heaps_HeapMem_Module__id__C                          
00006c22  xdc_runtime_Memory_Module__id__C                                
00006c28  __TI_static_base__                                              
00006e3c  __TI_Handler_Table_Base                                         
00006e48  __TI_Handler_Table_Limit                                        
00006e50  __TI_CINIT_Base                                                 
00006e60  __TI_CINIT_Limit                                                
00008000  HEAPSIZE                                                        
20000000  __start___llvm_prf_cnts                                         
20000000  __stop___llvm_prf_cnts                                          
20000000  ti_sysbios_family_arm_m3_Hwi_ramVectors                         
20000140  __primary_heap_start__                                          
20008140  PowerMSP432_perfLevels                                          
20008140  __primary_heap_end__                                            
20008418  ti_sysbios_knl_Swi_Module_State_0_readyQ__A                     
20008498  ti_sysbios_knl_Task_Module_State_0_readyQ__A                    
20008518  ti_sysbios_gates_GateMutex_Object__table__V                     
2000856c  ti_sysbios_knl_Task_Object__table__V                            
200085b8  ti_sysbios_family_arm_msp432_Timer_Object__table__V             
200085fc  ti_sysbios_knl_Task_Module__state__V                            
20008640  ti_sysbios_family_arm_m3_Hwi_Module__state__V                   
20008674  ti_sysbios_knl_Swi_Object__table__V                             
200086a4  PowerMSP432_module                                              
200086d0  ti_sysbios_knl_Clock_Module__state__V                           
200086fc  ti_sysbios_BIOS_Module__state__V                                
20008720  ti_sysbios_family_arm_msp432_Timer_Module_State_0_device__A     
20008740  xdc_runtime_Error_IgnoreBlock                                   
20008760  ti_sysbios_knl_Swi_Module__state__V                             
2000877c  ti_sysbios_family_arm_m3_Hwi_Object__table__V                   
20008794  ti_sysbios_heaps_HeapMem_Object__table__V                       
200087ac  ti_sysbios_family_arm_msp432_Timer_Module_State_0_handles__A    
200087bc  ti_sysbios_family_arm_msp432_ClockFreqs_Module__state__V        
200087c8  ti_sysbios_family_arm_msp432_Timer_Module__state__V             
200087d4  _lock                                                           
200087d8  _unlock                                                         
200087dc  ti_sysbios_family_arm_m3_Hwi_Module__root__V                    
200087e4  ti_sysbios_gates_GateHwi_Module__root__V                        
200087ec  ti_sysbios_gates_GateMutex_Module__root__V                      
200087f4  ti_sysbios_heaps_HeapMem_Module__root__V                        
200087fc  ti_sysbios_knl_Clock_Module__root__V                            
20008804  ti_sysbios_knl_Queue_Module__root__V                            
2000880c  ti_sysbios_knl_Semaphore_Module__root__V                        
20008814  ti_sysbios_knl_Task_Module__root__V                             
2000881c  xdc_runtime_Startup_Module__state__V                            
20008824  xdc_runtime_System_Module_State_0_atexitHandlers__A             
2000882c  xdc_runtime_System_Module__state__V                             
20008834  gpioCallbackFunctions                                           
20008838  gpioPinConfigs                                                  
2000883c  main_func_sp                                                    
20008844  ti_sysbios_family_arm_m3_Hwi_Module_State_0_excContext__A       
20008848  ti_sysbios_family_arm_m3_Hwi_Module_State_0_excStack__A         
2000884c  ti_sysbios_gates_GateHwi_Object__table__V                       
20008850  ti_sysbios_knl_Task_Module_State_0_idleTask__A                  
20008854  ti_sysbios_rts_ti_ReentSupport_Module__state__V                 
20008858  xdc_runtime_Memory_Module__state__V                             
2000885e  ti_sysbios_family_arm_m3_Hwi_Module_State_0_excActive__A        
20008868  ti_sysbios_knl_Task_Instance_State_0_stack__A                   
20008a68  ti_sysbios_family_arm_m3_Hwi_dispatchTable                      
20008ca8  uartMSP432Objects                                               
20008d78  pwmTimerMSP432Objects                                           
20008d94  ClockP_tickPeriod                                               
20008d98  ti_sysbios_knl_Task_Instance_State_0_hookEnv__A                 
2000fc00  __stack                                                         
20010000  __STACK_END                                                     
4000480c  WDTCTL_SYM                                                      
e000e000  ti_sysbios_family_arm_m3_Hwi_nvic                               
ffffffff  __TI_pprof_out_hndl                                             
ffffffff  __TI_prof_data_size                                             
ffffffff  __TI_prof_data_start                                            
ffffffff  __binit__                                                       
ffffffff  __c_args__                                                      
ffffffff  binit                                                           
UNDEFED   SHT$$INIT_ARRAY$$Base                                           
UNDEFED   SHT$$INIT_ARRAY$$Limit                                          

[558 symbols]
